../Core/Src/main.c:94:6:my_get_leds	24	static
../Core/Src/main.c:110:6:my_set_leds	16	static
../Core/Src/main.c:119:6:mg_random	24	static
../Core/Src/main.c:128:5:_write	24	static
../Core/Src/main.c:141:5:main	8	static
../Core/Src/main.c:224:6:SystemClock_Config	88	static
../Core/Src/main.c:279:13:MX_ETH_Init	8	static
../Core/Src/main.c:328:13:MX_RNG_Init	8	static
../Core/Src/main.c:354:13:MX_USART3_UART_Init	8	static
../Core/Src/main.c:389:13:MX_GPIO_Init	48	static
../Core/Src/main.c:434:6:StartDefaultTask	16	static
../Core/Src/main.c:458:6:HAL_TIM_PeriodElapsedCallback	16	static
../Core/Src/main.c:476:6:Error_Handler	4	static,ignoring_inline_asm
