../mongoose/mongoose_impl.c:142:27:get_api_handler	32	static
../mongoose/mongoose_impl.c:158:27:find_handler	24	static
../mongoose/mongoose_impl.c:163:6:mg_json_get_str2	48	static
../mongoose/mongoose_impl.c:171:6:mongoose_set_http_handlers	24	static
../mongoose/mongoose_impl.c:285:13:close_uploaded_file	16	static
../mongoose/mongoose_impl.c:294:13:file_closer	16	static
../mongoose/mongoose_impl.c:300:13:file_writer	32	static
../mongoose/mongoose_impl.c:307:13:upload_handler	64	static
../mongoose/mongoose_impl.c:345:13:get_file_name_from_uri	72	static
../mongoose/mongoose_impl.c:352:13:prep_upload	160	static
../mongoose/mongoose_impl.c:377:13:handle_uploads	64	static
../mongoose/mongoose_impl.c:398:13:handle_action	40	static
../mongoose/mongoose_impl.c:415:8:print_struct	64	static
../mongoose/mongoose_impl.c:439:13:handle_object	168	static
../mongoose/mongoose_impl.c:476:15:print_array	112	static
../mongoose/mongoose_impl.c:491:13:handle_array	176	static
../mongoose/mongoose_impl.c:503:8:print_timeseries	64	static
../mongoose/mongoose_impl.c:515:13:handle_file	152	static
../mongoose/mongoose_impl.c:522:13:handle_api_call	40	static
../mongoose/mongoose_impl.c:540:6:glue_update_state	4	static
../mongoose/mongoose_impl.c:545:13:http_ev_handler	184	static
../mongoose/mongoose_impl.c:705:6:mongoose_add_ws_handler	16	static
../mongoose/mongoose_impl.c:926:6:mongoose_init	8	static
../mongoose/mongoose_impl.c:976:6:mongoose_poll	8	static
