../mongoose/mongoose.h:299:20:mg_free	16	static
../mongoose/mongoose.h:304:21:mg_calloc	24	static
../mongoose/mongoose.c:27:12:mg_base64_encode_single	16	static
../mongoose/mongoose.c:39:12:mg_base64_decode_single	16	static
../mongoose/mongoose.c:57:8:mg_base64_update	32	static
../mongoose/mongoose.c:73:8:mg_base64_final	24	static
../mongoose/mongoose.c:84:8:mg_base64_encode	32	static
../mongoose/mongoose.c:93:8:mg_base64_decode	48	static
../mongoose/mongoose.c:140:13:mg_dns_free	24	static
../mongoose/mongoose.c:145:6:mg_resolve_cancel	32	static
../mongoose/mongoose.c:154:15:mg_dns_parse_name_depth	56	static
../mongoose/mongoose.c:191:15:mg_dns_parse_name	40	static
../mongoose/mongoose.c:196:8:mg_dns_parse_rr	40	static
../mongoose/mongoose.c:220:6:mg_dns_parse	64	static
../mongoose/mongoose.c:273:13:dns_cb	352	static
../mongoose/mongoose.c:329:13:mg_dns_send	312	static
../mongoose/mongoose.c:357:6:mg_dnsc_init	16	static
../mongoose/mongoose.c:370:13:mg_sendnsreq	56	static
../mongoose/mongoose.c:393:6:mg_resolve	40	static
../mongoose/mongoose.c:413:13:mdns_cb	720	static
../mongoose/mongoose.c:468:23:mg_mdns_listen	24	static
../mongoose/mongoose.c:485:6:mg_call	24	static
../mongoose/mongoose.c:502:6:mg_error	92	static
../mongoose/mongoose.c:527:6:mg_ota_flash_begin	24	static
../mongoose/mongoose.c:547:6:mg_ota_flash_write	80	dynamic
../mongoose/mongoose.c:568:6:mg_ota_flash_end	40	static
../mongoose/mongoose.c:593:13:is_digit	16	static
../mongoose/mongoose.c:597:12:addexp	32	static
../mongoose/mongoose.c:609:12:xisinf	24	static
../mongoose/mongoose.c:618:12:xisnan	24	static
../mongoose/mongoose.c:628:15:mg_dtoa	136	static
../mongoose/mongoose.c:697:15:mg_lld	64	static
../mongoose/mongoose.c:719:15:scpy	32	static
../mongoose/mongoose.c:726:8:mg_xprintf	24	static
../mongoose/mongoose.c:735:8:mg_vxprintf	176	static
../mongoose/mongoose.c:831:15:mg_fs_open	32	static
../mongoose/mongoose.c:844:6:mg_fs_close	16	static
../mongoose/mongoose.c:851:15:mg_file_read	40	static
../mongoose/mongoose.c:868:6:mg_file_write	168	static
../mongoose/mongoose.c:887:6:mg_file_printf	32	static
../mongoose/mongoose.c:904:13:mg_fs_ls_fn	24	static
../mongoose/mongoose.c:913:6:mg_fs_ls	32	static
../mongoose/mongoose.c:1079:15:mg_unpacked	24	static
../mongoose/mongoose.c:1085:12:is_dir_prefix	24	static
../mongoose/mongoose.c:1091:12:packed_stat	40	static
../mongoose/mongoose.c:1102:13:packed_list	312	static
../mongoose/mongoose.c:1123:14:packed_open	32	static
../mongoose/mongoose.c:1136:13:packed_close	16	static
../mongoose/mongoose.c:1140:15:packed_read	32	static
../mongoose/mongoose.c:1148:15:packed_write	24	static
../mongoose/mongoose.c:1153:15:packed_seek	24	static
../mongoose/mongoose.c:1160:13:packed_rename	16	static
../mongoose/mongoose.c:1165:13:packed_remove	16	static
../mongoose/mongoose.c:1170:13:packed_mkdir	16	static
../mongoose/mongoose.c:1401:12:p_stat	24	static
../mongoose/mongoose.c:1405:13:p_list	24	static
../mongoose/mongoose.c:1409:14:p_open	16	static
../mongoose/mongoose.c:1413:13:p_close	16	static
../mongoose/mongoose.c:1416:15:p_read	24	static
../mongoose/mongoose.c:1420:15:p_write	24	static
../mongoose/mongoose.c:1424:15:p_seek	16	static
../mongoose/mongoose.c:1428:13:p_rename	16	static
../mongoose/mongoose.c:1432:13:p_remove	16	static
../mongoose/mongoose.c:1436:13:p_mkdir	16	static
../mongoose/mongoose.c:1461:12:mg_ncasecmp	40	static
../mongoose/mongoose.c:1473:6:mg_to_size_t	48	static
../mongoose/mongoose.c:1507:8:mg_http_next_multipart	112	static
../mongoose/mongoose.c:1547:6:mg_http_bauth	56	static
../mongoose/mongoose.c:1573:15:mg_http_var	64	static
../mongoose/mongoose.c:1585:5:mg_http_get_var	56	static
../mongoose/mongoose.c:1607:13:isx	16	static
../mongoose/mongoose.c:1612:5:mg_url_decode	48	static
../mongoose/mongoose.c:1634:13:isok	16	static
../mongoose/mongoose.c:1638:5:mg_http_get_request_len	24	static
../mongoose/mongoose.c:1648:16:mg_http_get_header	40	static
../mongoose/mongoose.c:1658:13:vcb	16	static
../mongoose/mongoose.c:1663:15:clen	32	static
../mongoose/mongoose.c:1675:20:skiptorn	24	static
../mongoose/mongoose.c:1684:13:mg_http_parse_headers	48	static
../mongoose/mongoose.c:1708:5:mg_http_parse	80	static
../mongoose/mongoose.c:1793:13:mg_http_vprintf_chunk	32	static
../mongoose/mongoose.c:1806:6:mg_http_printf_chunk	28	static
../mongoose/mongoose.c:1813:6:mg_http_write_chunk	24	static
../mongoose/mongoose.c:1821:20:mg_http_status_code_str	16	static
../mongoose/mongoose.c:1891:6:mg_http_reply	52	static
../mongoose/mongoose.c:1910:13:restore_http_cb	16	static
../mongoose/mongoose.c:1918:7:mg_http_etag	48	static
../mongoose/mongoose.c:1923:13:static_cb	48	static
../mongoose/mongoose.c:1983:22:guess_content_type	88	static
../mongoose/mongoose.c:2007:12:getrange	56	static
../mongoose/mongoose.c:2023:6:mg_http_serve_file	528	static
../mongoose/mongoose.c:2230:12:uri_to_path2	72	static
../mongoose/mongoose.c:2290:12:uri_to_path	120	static
../mongoose/mongoose.c:2305:6:mg_http_serve_dir	184	static
../mongoose/mongoose.c:2325:13:mg_is_url_safe	16	static
../mongoose/mongoose.c:2330:8:mg_url_encode	48	static
../mongoose/mongoose.c:2347:6:mg_http_creds	328	static
../mongoose/mongoose.c:2369:22:stripquotes	24	static
../mongoose/mongoose.c:2375:15:mg_http_get_header_var	56	static
../mongoose/mongoose.c:2392:6:mg_http_upload	344	static
../mongoose/mongoose.c:2436:5:mg_http_status	16	static
../mongoose/mongoose.c:2440:13:is_hex_digit	16	static
../mongoose/mongoose.c:2445:12:skip_chunk	48	static
../mongoose/mongoose.c:2461:13:http_cb	656	static
../mongoose/mongoose.c:2569:23:mg_http_connect	32	static
../mongoose/mongoose.c:2574:23:mg_http_listen	32	static
../mongoose/mongoose.c:2589:15:roundup	16	static
../mongoose/mongoose.c:2593:5:mg_iobuf_resize	56	static
../mongoose/mongoose.c:2620:5:mg_iobuf_init	24	static
../mongoose/mongoose.c:2627:8:mg_iobuf_add	32	static
../mongoose/mongoose.c:2639:8:mg_iobuf_del	24	static
../mongoose/mongoose.c:2648:6:mg_iobuf_free	16	static
../mongoose/mongoose.c:2660:20:escapeseq	16	static
../mongoose/mongoose.c:2664:13:json_esc	32	static
../mongoose/mongoose.c:2672:12:mg_pass_string	24	static
../mongoose/mongoose.c:2686:15:mg_atod	72	static
../mongoose/mongoose.c:2733:8:mg_json_next	64	static
../mongoose/mongoose.c:2781:5:mg_json_get	120	static
../mongoose/mongoose.c:2924:15:mg_json_get_tok	32	static
../mongoose/mongoose.c:2930:6:mg_json_get_num	48	static
../mongoose/mongoose.c:2940:6:mg_json_get_bool	40	static
../mongoose/mongoose.c:2949:6:mg_json_unescape	64	static
../mongoose/mongoose.c:2974:7:mg_json_get_str	48	static
../mongoose/mongoose.c:2988:7:mg_json_get_b64	48	static
../mongoose/mongoose.c:3000:7:mg_json_get_hex	64	static
../mongoose/mongoose.c:3016:6:mg_json_get_long	48	static
../mongoose/mongoose.c:3035:6:mg_log_set_fn	16	static
../mongoose/mongoose.c:3040:13:logc	16	static
../mongoose/mongoose.c:3044:13:logs	24	static
../mongoose/mongoose.c:3052:6:mg_log_prefix	112	static
../mongoose/mongoose.c:3064:6:mg_log	16	static
../mongoose/mongoose.c:3073:22:nibble	16	static
../mongoose/mongoose.c:3078:6:mg_hexdump	48	static
../mongoose/mongoose.c:3122:13:mg_byte_reverse	24	static
../mongoose/mongoose.c:3147:6:mg_md5_init	16	static
../mongoose/mongoose.c:3157:13:mg_md5_transform	32	static
../mongoose/mongoose.c:3239:6:mg_md5_update	32	static
../mongoose/mongoose.c:3274:6:mg_md5_final	32	static
../mongoose/mongoose.c:3356:6:mg_mqtt_send_header	40	static
../mongoose/mongoose.c:3369:13:mg_send_u16	16	static
../mongoose/mongoose.c:3373:13:mg_send_u32	16	static
../mongoose/mongoose.c:3377:16:varint_size	24	static
../mongoose/mongoose.c:3386:15:encode_varint	24	static
../mongoose/mongoose.c:3399:15:decode_varint	40	static
../mongoose/mongoose.c:3414:12:mqtt_prop_type_by_id	24	static
../mongoose/mongoose.c:3424:15:get_properties_length	24	static
../mongoose/mongoose.c:3461:15:get_props_size	24	static
../mongoose/mongoose.c:3467:13:mg_send_mqtt_properties	48	static
../mongoose/mongoose.c:3509:8:mg_mqtt_next_prop	40	static
../mongoose/mongoose.c:3563:6:mg_mqtt_login	64	static
../mongoose/mongoose.c:3628:10:mg_mqtt_pub	48	static
../mongoose/mongoose.c:3657:6:mg_mqtt_sub	32	static
../mongoose/mongoose.c:3672:5:mg_mqtt_parse	48	static
../mongoose/mongoose.c:3743:13:mqtt_cb	120	static
../mongoose/mongoose.c:3815:6:mg_mqtt_ping	16	static
../mongoose/mongoose.c:3819:6:mg_mqtt_pong	16	static
../mongoose/mongoose.c:3823:6:mg_mqtt_disconnect	24	static
../mongoose/mongoose.c:3836:23:mg_mqtt_connect	104	static
../mongoose/mongoose.c:3848:23:mg_mqtt_listen	32	static
../mongoose/mongoose.c:3867:8:mg_vprintf	32	static
../mongoose/mongoose.c:3873:8:mg_printf	28	static
../mongoose/mongoose.c:3882:13:mg_atonl	40	static
../mongoose/mongoose.c:3890:13:mg_atone	24	static
../mongoose/mongoose.c:3897:13:mg_aton4	40	static
../mongoose/mongoose.c:3918:13:mg_v4mapped	40	static
../mongoose/mongoose.c:3936:13:mg_aton6	72	static
../mongoose/mongoose.c:3978:6:mg_aton	24	static
../mongoose/mongoose.c:3984:23:mg_alloc_conn	24	static
../mongoose/mongoose.c:3996:6:mg_close_conn	24	static
../mongoose/mongoose.c:4016:23:mg_connect_svc	32	static
../mongoose/mongoose.c:4041:23:mg_connect	32	static
../mongoose/mongoose.c:4046:23:mg_listen	32	static
../mongoose/mongoose.c:4069:23:mg_wrapfd	32	static
../mongoose/mongoose.c:4083:18:mg_timer_add	48	static
../mongoose/mongoose.c:4093:6:mg_io_recv	24	static
../mongoose/mongoose.c:4101:6:mg_mgr_free	32	static
../mongoose/mongoose.c:4121:6:mg_mgr_init	16	static
../mongoose/mongoose.c:4319:13:mg_tcpip_call	24	static
../mongoose/mongoose.c:4344:13:mkpay	32	static
../mongoose/mongoose.c:4349:17:csumup	32	static
../mongoose/mongoose.c:4356:17:csumfin	16	static
../mongoose/mongoose.c:4361:17:ipcsum	24	static
../mongoose/mongoose.c:4366:13:settmout	56	static
../mongoose/mongoose.c:4380:15:ether_output	24	static
../mongoose/mongoose.c:4386:6:mg_tcpip_arp_request	32	static
../mongoose/mongoose.c:4401:13:onstatechange	16	static
../mongoose/mongoose.c:4416:19:tx_ip	32	static
../mongoose/mongoose.c:4436:13:tx_udp	48	static
../mongoose/mongoose.c:4461:13:tx_dhcp	336	static
../mongoose/mongoose.c:4478:13:tx_dhcp_request_sel	104	static
../mongoose/mongoose.c:4504:13:tx_dhcp_request_re	48	static
../mongoose/mongoose.c:4514:13:tx_dhcp_discover	40	static
../mongoose/mongoose.c:4524:30:getpeer	32	static
../mongoose/mongoose.c:4542:13:rx_arp	48	static
../mongoose/mongoose.c:4584:13:rx_icmp	48	static
../mongoose/mongoose.c:4604:13:rx_dhcp_client	96	static
../mongoose/mongoose.c:4667:13:rx_dhcp_server	384	static
../mongoose/mongoose.c:4706:13:rx_udp	24	static
../mongoose/mongoose.c:4727:15:tx_tcp	88	static
../mongoose/mongoose.c:4767:15:tx_tcp_ctrlresp	64	static
../mongoose/mongoose.c:4775:15:tx_tcp_rst	24	static
../mongoose/mongoose.c:4780:30:accept_conn	40	static
../mongoose/mongoose.c:4811:15:trim_len	48	static
../mongoose/mongoose.c:4838:6:mg_io_send	80	static
../mongoose/mongoose.c:4864:13:handle_tls_recv	32	static
../mongoose/mongoose.c:4884:13:read_conn	88	static
../mongoose/mongoose.c:4981:12:backlog_insert	24	static
../mongoose/mongoose.c:4994:27:backlog_retrieve	24	static
../mongoose/mongoose.c:5003:13:backlog_remove	24	static
../mongoose/mongoose.c:5008:13:backlog_maintain	24	static
../mongoose/mongoose.c:5018:13:backlog_poll	24	static
../mongoose/mongoose.c:5026:13:handle_opt	32	static
../mongoose/mongoose.c:5044:13:rx_tcp	104	static
../mongoose/mongoose.c:5117:13:rx_ip	64	static
../mongoose/mongoose.c:5182:13:rx_ip6	64	static
../mongoose/mongoose.c:5264:13:mg_tcpip_rx	96	static
../mongoose/mongoose.c:5300:13:mg_tcpip_poll	96	static
../mongoose/mongoose.c:5417:6:mg_tcpip_qwrite	32	static
../mongoose/mongoose.c:5428:6:mg_tcpip_init	24	static
../mongoose/mongoose.c:5465:6:mg_tcpip_free	16	static
../mongoose/mongoose.c:5471:13:send_syn	64	static
../mongoose/mongoose.c:5479:13:mac_resolved	16	static
../mongoose/mongoose.c:5489:13:ip4_mcastmac	24	static
../mongoose/mongoose.c:5496:6:mg_connect_resolved	48	static
../mongoose/mongoose.c:5529:6:mg_open_listener	24	static
../mongoose/mongoose.c:5538:13:write_conn	24	static
../mongoose/mongoose.c:5549:13:init_closure	64	static
../mongoose/mongoose.c:5560:13:close_conn	24	static
../mongoose/mongoose.c:5566:13:can_write	16	static
../mongoose/mongoose.c:5571:6:mg_mgr_poll	96	static
../mongoose/mongoose.c:5604:6:mg_send	64	static
../mongoose/mongoose.c:5625:6:mg_multicast_add	16	static
../mongoose/mongoose.c:5633:13:setdns4	24	static
../mongoose/mongoose.c:7226:15:flash_size	4	static
../mongoose/mongoose.c:7230:20:is_dualbank	4	static
../mongoose/mongoose.c:7235:21:flash_unlock	4	static
../mongoose/mongoose.c:7247:21:flash_page_start	32	static
../mongoose/mongoose.c:7273:20:flash_sector	40	static
../mongoose/mongoose.c:7302:21:flash_is_err	4	static
../mongoose/mongoose.c:7306:21:flash_wait	4	static
../mongoose/mongoose.c:7310:21:flash_clear_err	8	static
../mongoose/mongoose.c:7315:21:mg_stm32f_erase	40	static
../mongoose/mongoose.c:7347:21:mg_stm32f_swap	4	static
../mongoose/mongoose.c:7356:21:mg_stm32f_write	48	static,ignoring_inline_asm
../mongoose/mongoose.c:7387:14:single_bank_swap	24	static
../mongoose/mongoose.c:7393:6:mg_ota_begin	16	static
../mongoose/mongoose.c:7402:6:mg_ota_write	16	static
../mongoose/mongoose.c:7406:6:mg_ota_end	24	static
../mongoose/mongoose.c:7814:8:mg_queue_printf	36	static
../mongoose/mongoose.c:7830:13:mg_pfn_iobuf_private	24	static
../mongoose/mongoose.c:7841:13:mg_putchar_iobuf_static	16	static
../mongoose/mongoose.c:7845:6:mg_pfn_iobuf	16	static
../mongoose/mongoose.c:7849:8:mg_vsnprintf	48	static
../mongoose/mongoose.c:7856:8:mg_snprintf	24	static
../mongoose/mongoose.c:7865:7:mg_vmprintf	32	static
../mongoose/mongoose.c:7871:7:mg_mprintf	16	static
../mongoose/mongoose.c:7880:6:mg_pfn_stdout	16	static
../mongoose/mongoose.c:7885:15:print_ip4	40	static
../mongoose/mongoose.c:7889:15:print_ip6	80	static
../mongoose/mongoose.c:7896:8:mg_print_ip4	32	static
../mongoose/mongoose.c:7901:8:mg_print_ip6	32	static
../mongoose/mongoose.c:7906:8:mg_print_ip	32	static
../mongoose/mongoose.c:7912:8:mg_print_ip_port	40	static
../mongoose/mongoose.c:7917:8:mg_print_mac	64	static
../mongoose/mongoose.c:7923:13:mg_esc	32	static
../mongoose/mongoose.c:7931:13:mg_escape	16	static
../mongoose/mongoose.c:7935:15:qcpy	40	static
../mongoose/mongoose.c:7949:15:bcpy	48	static
../mongoose/mongoose.c:7966:8:mg_print_hex	40	static
../mongoose/mongoose.c:7977:8:mg_print_base64	32	static
../mongoose/mongoose.c:7983:8:mg_print_esc	32	static
../mongoose/mongoose.c:8019:6:mg_queue_init	24	static
../mongoose/mongoose.c:8025:15:mg_queue_read_len	24	static
../mongoose/mongoose.c:8033:13:mg_queue_write_len	24	static
../mongoose/mongoose.c:8039:8:mg_queue_book	32	static
../mongoose/mongoose.c:8052:8:mg_queue_next	24	static
../mongoose/mongoose.c:8066:6:mg_queue_add	16	static
../mongoose/mongoose.c:8073:6:mg_queue_del	16	static
../mongoose/mongoose.c:8085:6:mg_rpc_add	48	static
../mongoose/mongoose.c:8096:6:mg_rpc_del	24	static
../mongoose/mongoose.c:8109:13:mg_rpc_call	40	static
../mongoose/mongoose.c:8120:6:mg_rpc_process	48	static
../mongoose/mongoose.c:8134:6:mg_rpc_vok	72	static
../mongoose/mongoose.c:8144:6:mg_rpc_ok	28	static
../mongoose/mongoose.c:8151:6:mg_rpc_verr	80	static
../mongoose/mongoose.c:8164:6:mg_rpc_err	24	static
../mongoose/mongoose.c:8171:15:print_methods	56	static
../mongoose/mongoose.c:8182:6:mg_rpc_list	16	static
../mongoose/mongoose.c:8201:17:blk0	16	static
../mongoose/mongoose.c:8238:13:mg_sha1_transform	112	static
../mongoose/mongoose.c:8345:6:mg_sha1_init	16	static
../mongoose/mongoose.c:8354:6:mg_sha1_update	32	static
../mongoose/mongoose.c:8374:6:mg_sha1_final	32	static
../mongoose/mongoose.c:8430:6:mg_sha256_init	16	static
../mongoose/mongoose.c:8443:13:mg_sha256_chunk	320	static
../mongoose/mongoose.c:8487:6:mg_sha256_update	40	static
../mongoose/mongoose.c:8501:6:mg_sha256_final	40	static
../mongoose/mongoose.c:8540:6:mg_sha256	136	static
../mongoose/mongoose.c:8547:6:mg_hmac_sha256	344	static
../mongoose/mongoose.c:8611:13:mg_sha384_transform	1224	static
../mongoose/mongoose.c:8656:6:mg_sha384_init	16	static
../mongoose/mongoose.c:8670:6:mg_sha384_update	48	static
../mongoose/mongoose.c:8684:6:mg_sha384_final	56	static
../mongoose/mongoose.c:8729:6:mg_sha384	240	static
../mongoose/mongoose.c:8750:10:mg_now	16	static
../mongoose/mongoose.c:8754:16:gettimestamp	56	static
../mongoose/mongoose.c:8760:9:mg_sntp_parse	120	static
../mongoose/mongoose.c:8785:13:sntp_cb	56	static
../mongoose/mongoose.c:8807:6:mg_sntp_request	96	static
../mongoose/mongoose.c:8822:23:mg_sntp_connect	32	static
../mongoose/mongoose.c:9690:6:mg_http_serve_ssi	24	static
../mongoose/mongoose.c:9703:15:mg_str_s	24	static
../mongoose/mongoose.c:9708:15:mg_str_n	32	static
../mongoose/mongoose.c:9713:12:mg_tolc	16	static
../mongoose/mongoose.c:9717:5:mg_casecmp	32	static
../mongoose/mongoose.c:9726:15:mg_strdup	40	static
../mongoose/mongoose.c:9740:5:mg_strcmp	40	static
../mongoose/mongoose.c:9754:5:mg_strcasecmp	48	static
../mongoose/mongoose.c:9768:6:mg_match	40	static
../mongoose/mongoose.c:9802:6:mg_span	48	static
../mongoose/mongoose.c:9815:6:mg_str_to_num	184	static
../mongoose/mongoose.c:9892:6:mg_timer_init	24	static
../mongoose/mongoose.c:9899:6:mg_timer_free	16	static
../mongoose/mongoose.c:9905:6:mg_timer_expired	56	static
../mongoose/mongoose.c:9913:6:mg_timer_poll	56	static
../mongoose/mongoose.c:10241:6:aes_init_keygen_tables	2072	static
../mongoose/mongoose.c:10313:12:aes_set_encryption_key	32	static
../mongoose/mongoose.c:10391:12:aes_set_decryption_key	328	static
../mongoose/mongoose.c:10428:12:aes_setkey	24	static
../mongoose/mongoose.c:10474:12:aes_cipher	64	static
../mongoose/mongoose.c:10670:5:mg_gcm_initialize	8	static
../mongoose/mongoose.c:10684:13:gcm_mult	128	static
../mongoose/mongoose.c:10730:12:gcm_setkey	192	static
../mongoose/mongoose.c:10803:5:gcm_start	64	static
../mongoose/mongoose.c:10871:5:gcm_update	72	static
../mongoose/mongoose.c:10935:5:gcm_finish	64	static
../mongoose/mongoose.c:10978:5:gcm_crypt_and_tag	32	static
../mongoose/mongoose.c:11010:6:gcm_zero_ctx	16	static
../mongoose/mongoose.c:11022:5:mg_aes_gcm_encrypt	688	static
../mongoose/mongoose.c:11041:5:mg_aes_gcm_decrypt	696	static
../mongoose/mongoose.c:11202:13:mg_tls_hexdump	32	static
../mongoose/mongoose.c:11213:12:mg_der_parse	40	static
../mongoose/mongoose.c:11233:12:mg_der_next	24	static
../mongoose/mongoose.c:11243:12:mg_der_find_oid	64	static
../mongoose/mongoose.c:11275:12:mg_der_to_tlv	32	static
../mongoose/mongoose.c:11297:13:mg_tls_got_record	16	static
../mongoose/mongoose.c:11304:13:mg_tls_drop_record	24	static
../mongoose/mongoose.c:11312:13:mg_tls_drop_message	32	static
../mongoose/mongoose.c:11331:13:mg_tls_derive_secret	336	static
../mongoose/mongoose.c:11349:13:mg_tls_generate_handshake_keys	312	static
../mongoose/mongoose.c:11415:13:mg_tls_generate_application_keys	312	static
../mongoose/mongoose.c:11466:13:mg_tls_encrypt	112	static
../mongoose/mongoose.c:11528:12:mg_tls_recv_record	80	static
../mongoose/mongoose.c:11600:13:mg_tls_calc_cert_verify_hash	328	static
../mongoose/mongoose.c:11624:12:mg_tls_server_recv_hello	56	static
../mongoose/mongoose.c:11697:13:mg_tls_server_send_hello	224	static
../mongoose/mongoose.c:11746:13:mg_tls_server_send_ext	32	static
../mongoose/mongoose.c:11760:13:mg_tls_server_send_cert_request	40	static
../mongoose/mongoose.c:11783:13:mg_tls_send_cert	40	static
../mongoose/mongoose.c:11820:13:init_SHA256	24	static
../mongoose/mongoose.c:11825:13:update_SHA256	32	static
../mongoose/mongoose.c:11830:13:finish_SHA256	24	static
../mongoose/mongoose.c:11836:13:mg_tls_send_cert_verify	496	static
../mongoose/mongoose.c:11873:13:mg_tls_server_send_finish	216	static
../mongoose/mongoose.c:11885:12:mg_tls_server_recv_finish	136	static
../mongoose/mongoose.c:11907:13:mg_tls_client_send_hello	280	static
../mongoose/mongoose.c:12006:12:mg_tls_client_recv_hello	48	static
../mongoose/mongoose.c:12068:12:mg_tls_client_recv_ext	24	static
../mongoose/mongoose.c:12093:13:mg_der_debug_cert_name	120	static
../mongoose/mongoose.c:12109:12:mg_tls_parse_cert_der	200	static
../mongoose/mongoose.c:12251:12:mg_tls_verify_cert_san	88	static
../mongoose/mongoose.c:12277:12:mg_tls_verify_cert_signature	384	static
../mongoose/mongoose.c:12325:12:mg_tls_verify_cert_cn	56	static
../mongoose/mongoose.c:12335:12:mg_tls_recv_cert	896	static
../mongoose/mongoose.c:12455:12:mg_tls_recv_cert_verify	640	static
../mongoose/mongoose.c:12558:12:mg_tls_client_recv_finish	24	static
../mongoose/mongoose.c:12573:13:mg_tls_client_send_finish	216	static
../mongoose/mongoose.c:12584:13:mg_tls_client_handshake	24	static
../mongoose/mongoose.c:12635:13:mg_tls_server_handshake	24	static
../mongoose/mongoose.c:12677:6:mg_tls_handshake	24	static
../mongoose/mongoose.c:12693:12:mg_parse_pem	120	static
../mongoose/mongoose.c:12726:6:mg_tls_init	72	static
../mongoose/mongoose.c:12803:6:mg_tls_free	24	static
../mongoose/mongoose.c:12814:6:mg_tls_send	64	static
../mongoose/mongoose.c:12835:6:mg_tls_recv	40	static
../mongoose/mongoose.c:12863:8:mg_tls_pending	24	static
../mongoose/mongoose.c:12868:6:mg_tls_flush	24	static
../mongoose/mongoose.c:12877:6:mg_tls_ctx_init	16	static
../mongoose/mongoose.c:12881:6:mg_tls_ctx_free	16	static
../mongoose/mongoose.c:12991:13:initialize_state	24	static
../mongoose/mongoose.c:13043:13:core_block	88	static
../mongoose/mongoose.c:13091:13:xor_block	40	static
../mongoose/mongoose.c:13118:13:chacha20_xor_stream	176	static
../mongoose/mongoose.c:13156:13:rfc8439_keygen	152	static
../mongoose/mongoose.c:13596:22:U8TO32	16	static
../mongoose/mongoose.c:13605:13:U32TO8	16	static
../mongoose/mongoose.c:13612:13:poly1305_init	24	static
../mongoose/mongoose.c:13639:13:poly1305_blocks	960	static
../mongoose/mongoose.c:13716:31:poly1305_finish	200	static
../mongoose/mongoose.c:14098:13:poly1305_update	40	static
../mongoose/mongoose.c:14138:32:pad_if_needed	24	static
../mongoose/mongoose.c:14149:32:write_64bit_int	32	static
../mongoose/mongoose.c:14163:32:poly1305_calculate_mac	216	static
../mongoose/mongoose.c:14202:27:mg_chacha20_poly1305_encrypt	48	static
../mongoose/mongoose.c:14217:27:mg_chacha20_poly1305_decrypt	40	static
../mongoose/mongoose.c:15140:21:bi_initialize	16	static
../mongoose/mongoose.c:15159:18:bi_terminate	16	static
../mongoose/mongoose.c:15177:18:bi_clear_cache	24	static
../mongoose/mongoose.c:15198:21:bi_copy	16	static
../mongoose/mongoose.c:15210:18:bi_permanent	16	static
../mongoose/mongoose.c:15226:18:bi_depermanent	16	static
../mongoose/mongoose.c:15245:18:bi_free	16	static
../mongoose/mongoose.c:15275:21:int_to_bi	24	static
../mongoose/mongoose.c:15286:21:bi_clone	24	static
../mongoose/mongoose.c:15300:21:bi_add	56	static
../mongoose/mongoose.c:15337:21:bi_subtract	56	static
../mongoose/mongoose.c:15370:16:bi_int_multiply	112	static
../mongoose/mongoose.c:15404:21:bi_divide	160	static
../mongoose/mongoose.c:15512:16:bi_int_divide	72	static
../mongoose/mongoose.c:15616:21:bi_import	40	static
../mongoose/mongoose.c:15693:18:bi_export	48	static
../mongoose/mongoose.c:15728:18:bi_set_mod	40	static
../mongoose/mongoose.c:15766:6:bi_free_mod	16	static
../mongoose/mongoose.c:15789:16:regular_multiply	128	static
../mongoose/mongoose.c:15892:21:bi_multiply	32	static
../mongoose/mongoose.c:15981:17:bi_compare	32	static
../mongoose/mongoose.c:16017:13:more_comps	24	static
../mongoose/mongoose.c:16038:16:alloc	24	static
../mongoose/mongoose.c:16073:12:find_max_exp_index	32	static
../mongoose/mongoose.c:16095:12:exp_bit_is_one	32	static
../mongoose/mongoose.c:16132:16:trim	16	static
../mongoose/mongoose.c:16273:21:bi_mod_power	56	static
../mongoose/mongoose.c:16405:5:mg_rsa_mod_pow	48	static
../mongoose/mongoose.c:16642:6:mg_uecc_set_rng	16	static
../mongoose/mongoose.c:16646:22:mg_uecc_get_rng	4	static
../mongoose/mongoose.c:16650:5:mg_uecc_curve_private_key_size	16	static
../mongoose/mongoose.c:16654:5:mg_uecc_curve_public_key_size	16	static
../mongoose/mongoose.c:16659:22:mg_uecc_vli_clear	24	static
../mongoose/mongoose.c:16670:32:mg_uecc_vli_isZero	24	static
../mongoose/mongoose.c:16681:32:mg_uecc_vli_testBit	16	static
../mongoose/mongoose.c:16688:20:vli_numDigits	24	static
../mongoose/mongoose.c:16700:28:mg_uecc_vli_numBits	32	static
../mongoose/mongoose.c:16721:22:mg_uecc_vli_set	32	static
../mongoose/mongoose.c:16732:20:mg_uecc_vli_cmp_unsafe	32	static
../mongoose/mongoose.c:16748:32:mg_uecc_vli_equal	32	static
../mongoose/mongoose.c:16765:29:mg_uecc_vli_cmp	64	static
../mongoose/mongoose.c:16776:22:mg_uecc_vli_rshift1	32	static
../mongoose/mongoose.c:16792:32:mg_uecc_vli_add	40	static
../mongoose/mongoose.c:16811:32:mg_uecc_vli_sub	40	static
../mongoose/mongoose.c:16831:13:muladd	96	static
../mongoose/mongoose.c:16870:22:mg_uecc_vli_mult	56	static
../mongoose/mongoose.c:16991:22:mg_uecc_vli_modAdd	32	static
../mongoose/mongoose.c:17007:22:mg_uecc_vli_modSub	32	static
../mongoose/mongoose.c:17022:22:mg_uecc_vli_mmod	192	static
../mongoose/mongoose.c:17068:22:mg_uecc_vli_modMult	88	static
../mongoose/mongoose.c:17078:22:mg_uecc_vli_modMult_fast	88	static
../mongoose/mongoose.c:17128:22:mg_uecc_vli_modSquare_fast	24	static
../mongoose/mongoose.c:17137:13:vli_modInv_update	32	static
../mongoose/mongoose.c:17151:22:mg_uecc_vli_modInv	160	static
../mongoose/mongoose.c:17248:13:double_jacobian_default	104	static
../mongoose/mongoose.c:17297:13:x_side_default	72	static
../mongoose/mongoose.c:17314:13:mod_sqrt_default	88	static
../mongoose/mongoose.c:18079:15:mg_uecc_secp256r1	4	static
../mongoose/mongoose.c:18333:13:vli_mmod_fast_secp256r1	56	static
../mongoose/mongoose.c:18729:13:apply_z	56	static
../mongoose/mongoose.c:18740:13:XYcZ_initial_double	72	static
../mongoose/mongoose.c:18765:13:XYcZ_add	72	static
../mongoose/mongoose.c:18793:13:XYcZ_addC	144	static
../mongoose/mongoose.c:18833:13:EccPoint_mult	208	static
../mongoose/mongoose.c:18877:23:regularize_k	32	static
../mongoose/mongoose.c:18892:21:mg_uecc_generate_random_int	40	static
../mongoose/mongoose.c:18918:23:EccPoint_compute_public_key	112	static
../mongoose/mongoose.c:18966:22:mg_uecc_vli_nativeToBytes	32	static
../mongoose/mongoose.c:18976:22:mg_uecc_vli_bytesToNative	32	static
../mongoose/mongoose.c:18992:5:mg_uecc_make_key	128	static
../mongoose/mongoose.c:19023:5:mg_uecc_shared_secret	192	static
../mongoose/mongoose.c:19070:6:mg_uecc_compress	32	static
../mongoose/mongoose.c:19083:6:mg_uecc_decompress	96	static
../mongoose/mongoose.c:19110:21:mg_uecc_valid_point	88	static
../mongoose/mongoose.c:19134:5:mg_uecc_valid_public_key	80	static
../mongoose/mongoose.c:19149:5:mg_uecc_compute_public_key	120	static
../mongoose/mongoose.c:19189:13:bits2int	48	static
../mongoose/mongoose.c:19226:12:mg_uecc_sign_with_k_internal	192	static
../mongoose/mongoose.c:19323:5:mg_uecc_sign	72	static
../mongoose/mongoose.c:19344:13:HMAC_init	24	static
../mongoose/mongoose.c:19355:13:HMAC_update	24	static
../mongoose/mongoose.c:19360:13:HMAC_finish	32	static
../mongoose/mongoose.c:19376:13:update_V	24	static
../mongoose/mongoose.c:19391:5:mg_uecc_sign_deterministic	96	static
../mongoose/mongoose.c:19464:19:smax	16	static
../mongoose/mongoose.c:19468:5:mg_uecc_verify	520	static
../mongoose/mongoose.c:19676:15:umaal	88	static
../mongoose/mongoose.c:19683:15:adc	72	static
../mongoose/mongoose.c:19689:15:adc0	40	static
../mongoose/mongoose.c:19699:13:propagate	32	static
../mongoose/mongoose.c:19711:13:add	40	static
../mongoose/mongoose.c:19720:13:sub	72	static
../mongoose/mongoose.c:19733:13:mul	120	static
../mongoose/mongoose.c:19756:13:sqr	16	static
../mongoose/mongoose.c:19759:13:mul1	16	static
../mongoose/mongoose.c:19762:13:sqr1	16	static
../mongoose/mongoose.c:19766:13:condswap	32	static
../mongoose/mongoose.c:19779:15:canon	80	static
../mongoose/mongoose.c:19810:13:ladder_part1	40	static
../mongoose/mongoose.c:19827:13:ladder_part2	40	static
../mongoose/mongoose.c:19837:13:x25519_core	88	static
../mongoose/mongoose.c:19871:5:mg_tls_x25519	256	static
../mongoose/mongoose.c:19925:5:mg_url_is_ssl	16	static
../mongoose/mongoose.c:19931:19:urlparse	56	static
../mongoose/mongoose.c:19959:15:mg_url_host	56	static
../mongoose/mongoose.c:19968:13:mg_url_uri	48	static
../mongoose/mongoose.c:19973:16:mg_url_port	48	static
../mongoose/mongoose.c:19985:15:mg_url_user	64	static
../mongoose/mongoose.c:19995:15:mg_url_pass	64	static
../mongoose/mongoose.c:20013:6:mg_bzero	16	static
../mongoose/mongoose.c:20077:7:mg_random_str	24	static
../mongoose/mongoose.c:20090:10:mg_crc32	32	static
../mongoose/mongoose.c:20105:12:isbyte	16	static
../mongoose/mongoose.c:20109:12:parse_net	72	static
../mongoose/mongoose.c:20123:5:mg_check_ip_acl	56	static
../mongoose/mongoose.c:20141:6:mg_path_is_sane	24	static
../mongoose/mongoose.c:20156:10:mg_millis	16	static
../mongoose/mongoose.c:20206:10:mg_ntohs	16	static
../mongoose/mongoose.c:20210:10:mg_ntohl	16	static
../mongoose/mongoose.c:20214:6:mg_delayms	48	static
../mongoose/mongoose.c:20242:6:mg_wifi_scan	8	static
../mongoose/mongoose.c:20247:6:mg_wifi_connect	16	static
../mongoose/mongoose.c:20252:6:mg_wifi_disconnect	8	static
../mongoose/mongoose.c:20256:6:mg_wifi_ap_start	16	static
../mongoose/mongoose.c:20261:6:mg_wifi_ap_stop	8	static
../mongoose/mongoose.c:20287:8:mg_ws_vprintf	32	static
../mongoose/mongoose.c:20295:8:mg_ws_printf	24	static
../mongoose/mongoose.c:20304:13:ws_handshake	176	static
../mongoose/mongoose.c:20330:17:be32	16	static
../mongoose/mongoose.c:20335:15:ws_process	56	static
../mongoose/mongoose.c:20365:15:mkhdr	48	static
../mongoose/mongoose.c:20393:13:mg_ws_mask	32	static
../mongoose/mongoose.c:20401:8:mg_ws_send	48	static
../mongoose/mongoose.c:20412:13:mg_ws_client_handshake	560	static
../mongoose/mongoose.c:20435:13:mg_ws_cb	72	static
../mongoose/mongoose.c:20504:23:mg_ws_connect	112	static
../mongoose/mongoose.c:20534:6:mg_ws_upgrade	40	static
../mongoose/mongoose.c:20554:8:mg_ws_wrap	48	static
../mongoose/mongoose.c:22478:20:mg_phy_id_to_str	16	static
../mongoose/mongoose.c:22505:6:mg_phy_init	32	static
../mongoose/mongoose.c:22556:6:mg_phy_up	48	static
../mongoose/mongoose.c:24056:17:eth_read_phy	16	static
../mongoose/mongoose.c:24064:13:eth_write_phy	16	static
../mongoose/mongoose.c:24072:17:get_hclk	80	static
../mongoose/mongoose.c:24106:12:guess_mdc_cr	40	static
../mongoose/mongoose.c:24126:13:mg_tcpip_driver_stm32f_init	48	static
../mongoose/mongoose.c:24180:15:mg_tcpip_driver_stm32f_tx	24	static,ignoring_inline_asm
../mongoose/mongoose.c:24203:13:mg_tcpip_driver_stm32f_update_hash_table	16	static
../mongoose/mongoose.c:24213:13:mg_tcpip_driver_stm32f_poll	40	static
../mongoose/mongoose.c:24244:6:ETH_IRQHandler	16	static
