Archive member included to satisfy reference by file (symbol)

C:/ST/STM32CubeIDE_1.19.0/STM32CubeIDE/plugins/com.st.stm32cube.ide.mcu.externaltools.gnu-tools-for-stm32.13.3.rel1.win32_1.0.0.202411081344/tools/bin/../lib/gcc/arm-none-eabi/13.3.1/../../../../arm-none-eabi/lib/thumb/v7e-m+dp/hard\libc_nano.a(libc_a-abort.o)
                              ./mongoose/mongoose.o (abort)
C:/ST/STM32CubeIDE_1.19.0/STM32CubeIDE/plugins/com.st.stm32cube.ide.mcu.externaltools.gnu-tools-for-stm32.13.3.rel1.win32_1.0.0.202411081344/tools/bin/../lib/gcc/arm-none-eabi/13.3.1/../../../../arm-none-eabi/lib/thumb/v7e-m+dp/hard\libc_nano.a(libc_a-assert.o)
                              ./mongoose/mongoose.o (__assert_func)
C:/ST/STM32CubeIDE_1.19.0/STM32CubeIDE/plugins/com.st.stm32cube.ide.mcu.externaltools.gnu-tools-for-stm32.13.3.rel1.win32_1.0.0.202411081344/tools/bin/../lib/gcc/arm-none-eabi/13.3.1/../../../../arm-none-eabi/lib/thumb/v7e-m+dp/hard\libc_nano.a(libc_a-atoi.o)
                              ./mongoose/mongoose.o (atoi)
C:/ST/STM32CubeIDE_1.19.0/STM32CubeIDE/plugins/com.st.stm32cube.ide.mcu.externaltools.gnu-tools-for-stm32.13.3.rel1.win32_1.0.0.202411081344/tools/bin/../lib/gcc/arm-none-eabi/13.3.1/../../../../arm-none-eabi/lib/thumb/v7e-m+dp/hard\libc_nano.a(libc_a-calloc.o)
                              ./mongoose/mongoose_impl.o (calloc)
C:/ST/STM32CubeIDE_1.19.0/STM32CubeIDE/plugins/com.st.stm32cube.ide.mcu.externaltools.gnu-tools-for-stm32.13.3.rel1.win32_1.0.0.202411081344/tools/bin/../lib/gcc/arm-none-eabi/13.3.1/../../../../arm-none-eabi/lib/thumb/v7e-m+dp/hard\libc_nano.a(libc_a-callocr.o)
                              C:/ST/STM32CubeIDE_1.19.0/STM32CubeIDE/plugins/com.st.stm32cube.ide.mcu.externaltools.gnu-tools-for-stm32.13.3.rel1.win32_1.0.0.202411081344/tools/bin/../lib/gcc/arm-none-eabi/13.3.1/../../../../arm-none-eabi/lib/thumb/v7e-m+dp/hard\libc_nano.a(libc_a-calloc.o) (_calloc_r)
C:/ST/STM32CubeIDE_1.19.0/STM32CubeIDE/plugins/com.st.stm32cube.ide.mcu.externaltools.gnu-tools-for-stm32.13.3.rel1.win32_1.0.0.202411081344/tools/bin/../lib/gcc/arm-none-eabi/13.3.1/../../../../arm-none-eabi/lib/thumb/v7e-m+dp/hard\libc_nano.a(libc_a-exit.o)
                              C:/ST/STM32CubeIDE_1.19.0/STM32CubeIDE/plugins/com.st.stm32cube.ide.mcu.externaltools.gnu-tools-for-stm32.13.3.rel1.win32_1.0.0.202411081344/tools/bin/../lib/gcc/arm-none-eabi/13.3.1/../../../../arm-none-eabi/lib/thumb/v7e-m+dp/hard/crt0.o (exit)
C:/ST/STM32CubeIDE_1.19.0/STM32CubeIDE/plugins/com.st.stm32cube.ide.mcu.externaltools.gnu-tools-for-stm32.13.3.rel1.win32_1.0.0.202411081344/tools/bin/../lib/gcc/arm-none-eabi/13.3.1/../../../../arm-none-eabi/lib/thumb/v7e-m+dp/hard\libc_nano.a(libc_a-malloc.o)
                              ./mongoose/mongoose_impl.o (free)
C:/ST/STM32CubeIDE_1.19.0/STM32CubeIDE/plugins/com.st.stm32cube.ide.mcu.externaltools.gnu-tools-for-stm32.13.3.rel1.win32_1.0.0.202411081344/tools/bin/../lib/gcc/arm-none-eabi/13.3.1/../../../../arm-none-eabi/lib/thumb/v7e-m+dp/hard\libc_nano.a(libc_a-mallocr.o)
                              C:/ST/STM32CubeIDE_1.19.0/STM32CubeIDE/plugins/com.st.stm32cube.ide.mcu.externaltools.gnu-tools-for-stm32.13.3.rel1.win32_1.0.0.202411081344/tools/bin/../lib/gcc/arm-none-eabi/13.3.1/../../../../arm-none-eabi/lib/thumb/v7e-m+dp/hard\libc_nano.a(libc_a-callocr.o) (_malloc_r)
C:/ST/STM32CubeIDE_1.19.0/STM32CubeIDE/plugins/com.st.stm32cube.ide.mcu.externaltools.gnu-tools-for-stm32.13.3.rel1.win32_1.0.0.202411081344/tools/bin/../lib/gcc/arm-none-eabi/13.3.1/../../../../arm-none-eabi/lib/thumb/v7e-m+dp/hard\libc_nano.a(libc_a-mlock.o)
                              C:/ST/STM32CubeIDE_1.19.0/STM32CubeIDE/plugins/com.st.stm32cube.ide.mcu.externaltools.gnu-tools-for-stm32.13.3.rel1.win32_1.0.0.202411081344/tools/bin/../lib/gcc/arm-none-eabi/13.3.1/../../../../arm-none-eabi/lib/thumb/v7e-m+dp/hard\libc_nano.a(libc_a-mallocr.o) (__malloc_lock)
C:/ST/STM32CubeIDE_1.19.0/STM32CubeIDE/plugins/com.st.stm32cube.ide.mcu.externaltools.gnu-tools-for-stm32.13.3.rel1.win32_1.0.0.202411081344/tools/bin/../lib/gcc/arm-none-eabi/13.3.1/../../../../arm-none-eabi/lib/thumb/v7e-m+dp/hard\libc_nano.a(libc_a-rand.o)
                              ./mongoose/mongoose.o (srand)
C:/ST/STM32CubeIDE_1.19.0/STM32CubeIDE/plugins/com.st.stm32cube.ide.mcu.externaltools.gnu-tools-for-stm32.13.3.rel1.win32_1.0.0.202411081344/tools/bin/../lib/gcc/arm-none-eabi/13.3.1/../../../../arm-none-eabi/lib/thumb/v7e-m+dp/hard\libc_nano.a(libc_a-strtol.o)
                              C:/ST/STM32CubeIDE_1.19.0/STM32CubeIDE/plugins/com.st.stm32cube.ide.mcu.externaltools.gnu-tools-for-stm32.13.3.rel1.win32_1.0.0.202411081344/tools/bin/../lib/gcc/arm-none-eabi/13.3.1/../../../../arm-none-eabi/lib/thumb/v7e-m+dp/hard\libc_nano.a(libc_a-atoi.o) (_strtol_r)
[...]
Memory Configuration

Name             Origin             Length             Attributes
RAM              0x20000000         0x00080000         xrw
FLASH            0x08000000         0x00200000         xr
*default*        0x00000000         0xffffffff

Linker script and memory map

LOAD C:/ST/STM32CubeIDE_1.19.0/STM32CubeIDE/plugins/com.st.stm32cube.ide.mcu.externaltools.gnu-tools-for-stm32.13.3.rel1.win32_1.0.0.202411081344/tools/bin/../lib/gcc/arm-none-eabi/13.3.1/thumb/v7e-m+dp/hard/crti.o
LOAD C:/ST/STM32CubeIDE_1.19.0/STM32CubeIDE/plugins/com.st.stm32cube.ide.mcu.externaltools.gnu-tools-for-stm32.13.3.rel1.win32_1.0.0.202411081344/tools/bin/../lib/gcc/arm-none-eabi/13.3.1/thumb/v7e-m+dp/hard/crtbegin.o
LOAD C:/ST/STM32CubeIDE_1.19.0/STM32CubeIDE/plugins/com.st.stm32cube.ide.mcu.externaltools.gnu-tools-for-stm32.13.3.rel1.win32_1.0.0.202411081344/tools/bin/../lib/gcc/arm-none-eabi/13.3.1/../../../../arm-none-eabi/lib/thumb/v7e-m+dp/hard/crt0.o
LOAD ./Core/Src/freertos.o
LOAD ./Core/Src/main.o
LOAD ./Core/Src/stm32f7xx_hal_msp.o
LOAD ./Core/Src/stm32f7xx_hal_timebase_tim.o
LOAD ./Core/Src/stm32f7xx_it.o
LOAD ./Core/Src/syscalls.o
LOAD ./Core/Src/sysmem.o
LOAD ./Core/Src/system_stm32f7xx.o
LOAD ./Core/Startup/startup_stm32f767zitx.o
LOAD ./Drivers/STM32F7xx_HAL_Driver/Src/stm32f7xx_hal.o
LOAD ./Drivers/STM32F7xx_HAL_Driver/Src/stm32f7xx_hal_cortex.o
LOAD ./Drivers/STM32F7xx_HAL_Driver/Src/stm32f7xx_hal_dma.o
LOAD ./Drivers/STM32F7xx_HAL_Driver/Src/stm32f7xx_hal_dma_ex.o
LOAD ./Drivers/STM32F7xx_HAL_Driver/Src/stm32f7xx_hal_eth.o
LOAD ./Drivers/STM32F7xx_HAL_Driver/Src/stm32f7xx_hal_exti.o
LOAD ./Drivers/STM32F7xx_HAL_Driver/Src/stm32f7xx_hal_flash.o
LOAD ./Drivers/STM32F7xx_HAL_Driver/Src/stm32f7xx_hal_flash_ex.o
LOAD ./Drivers/STM32F7xx_HAL_Driver/Src/stm32f7xx_hal_gpio.o
LOAD ./Drivers/STM32F7xx_HAL_Driver/Src/stm32f7xx_hal_i2c.o
LOAD ./Drivers/STM32F7xx_HAL_Driver/Src/stm32f7xx_hal_i2c_ex.o
LOAD ./Drivers/STM32F7xx_HAL_Driver/Src/stm32f7xx_hal_pwr.o
LOAD ./Drivers/STM32F7xx_HAL_Driver/Src/stm32f7xx_hal_pwr_ex.o
LOAD ./Drivers/STM32F7xx_HAL_Driver/Src/stm32f7xx_hal_rcc.o
LOAD ./Drivers/STM32F7xx_HAL_Driver/Src/stm32f7xx_hal_rcc_ex.o
LOAD ./Drivers/STM32F7xx_HAL_Driver/Src/stm32f7xx_hal_rng.o
LOAD ./Drivers/STM32F7xx_HAL_Driver/Src/stm32f7xx_hal_tim.o
LOAD ./Drivers/STM32F7xx_HAL_Driver/Src/stm32f7xx_hal_tim_ex.o
LOAD ./Drivers/STM32F7xx_HAL_Driver/Src/stm32f7xx_hal_uart.o
LOAD ./Drivers/STM32F7xx_HAL_Driver/Src/stm32f7xx_hal_uart_ex.o
LOAD ./Middlewares/Third_Party/FreeRTOS/Source/CMSIS_RTOS_V2/cmsis_os2.o
LOAD ./Middlewares/Third_Party/FreeRTOS/Source/croutine.o
LOAD ./Middlewares/Third_Party/FreeRTOS/Source/event_groups.o
LOAD ./Middlewares/Third_Party/FreeRTOS/Source/list.o
LOAD ./Middlewares/Third_Party/FreeRTOS/Source/queue.o
LOAD ./Middlewares/Third_Party/FreeRTOS/Source/stream_buffer.o
LOAD ./Middlewares/Third_Party/FreeRTOS/Source/tasks.o
LOAD ./Middlewares/Third_Party/FreeRTOS/Source/timers.o
LOAD ./Middlewares/Third_Party/FreeRTOS/Source/portable/GCC/ARM_CM7/r0p1/port.o
LOAD ./Middlewares/Third_Party/FreeRTOS/Source/portable/MemMang/heap_4.o
LOAD ./mongoose/mongoose.o
LOAD ./mongoose/mongoose_fs.o
LOAD ./mongoose/mongoose_glue.o
LOAD ./mongoose/mongoose_impl.o
START GROUP
LOAD C:/ST/STM32CubeIDE_1.19.0/STM32CubeIDE/plugins/com.st.stm32cube.ide.mcu.externaltools.gnu-tools-for-stm32.13.3.rel1.win32_1.0.0.202411081344/tools/bin/../lib/gcc/arm-none-eabi/13.3.1/../../../../arm-none-eabi/lib/thumb/v7e-m+dp/hard\libc_nano.a
LOAD C:/ST/STM32CubeIDE_1.19.0/STM32CubeIDE/plugins/com.st.stm32cube.ide.mcu.externaltools.gnu-tools-for-stm32.13.3.rel1.win32_1.0.0.202411081344/tools/bin/../lib/gcc/arm-none-eabi/13.3.1/../../../../arm-none-eabi/lib/thumb/v7e-m+dp/hard\libm.a
END GROUP
START GROUP
LOAD C:/ST/STM32CubeIDE_1.19.0/STM32CubeIDE/plugins/com.st.stm32cube.ide.mcu.externaltools.gnu-tools-for-stm32.13.3.rel1.win32_1.0.0.202411081344/tools/bin/../lib/gcc/arm-none-eabi/13.3.1/thumb/v7e-m+dp/hard\libgcc.a
LOAD C:/ST/STM32CubeIDE_1.19.0/STM32CubeIDE/plugins/com.st.stm32cube.ide.mcu.externaltools.gnu-tools-for-stm32.13.3.rel1.win32_1.0.0.202411081344/tools/bin/../lib/gcc/arm-none-eabi/13.3.1/../../../../arm-none-eabi/lib/thumb/v7e-m+dp/hard\libc_nano.a
END GROUP
START GROUP
LOAD C:/ST/STM32CubeIDE_1.19.0/STM32CubeIDE/plugins/com.st.stm32cube.ide.mcu.externaltools.gnu-tools-for-stm32.13.3.rel1.win32_1.0.0.202411081344/tools/bin/../lib/gcc/arm-none-eabi/13.3.1/thumb/v7e-m+dp/hard\libgcc.a
LOAD C:/ST/STM32CubeIDE_1.19.0/STM32CubeIDE/plugins/com.st.stm32cube.ide.mcu.externaltools.gnu-tools-for-stm32.13.3.rel1.win32_1.0.0.202411081344/tools/bin/../lib/gcc/arm-none-eabi/13.3.1/../../../../arm-none-eabi/lib/thumb/v7e-m+dp/hard\libc_nano.a
LOAD C:/ST/STM32CubeIDE_1.19.0/STM32CubeIDE/plugins/com.st.stm32cube.ide.mcu.externaltools.gnu-tools-for-stm32.13.3.rel1.win32_1.0.0.202411081344/tools/bin/../lib/gcc/arm-none-eabi/13.3.1/../../../../arm-none-eabi/lib/thumb/v7e-m+dp/hard\libnosys.a
END GROUP
START GROUP
LOAD C:/ST/STM32CubeIDE_1.19.0/STM32CubeIDE/plugins/com.st.stm32cube.ide.mcu.externaltools.gnu-tools-for-stm32.13.3.rel1.win32_1.0.0.202411081344/tools/bin/../lib/gcc/arm-none-eabi/13.3.1/thumb/v7e-m+dp/hard\libgcc.a
LOAD C:/ST/STM32CubeIDE_1.19.0/STM32CubeIDE/plugins/com.st.stm32cube.ide.mcu.externaltools.gnu-tools-for-stm32.13.3.rel1.win32_1.0.0.202411081344/tools/bin/../lib/gcc/arm-none-eabi/13.3.1/../../../../arm-none-eabi/lib/thumb/v7e-m+dp/hard\libc_nano.a
LOAD C:/ST/STM32CubeIDE_1.19.0/STM32CubeIDE/plugins/com.st.stm32cube.ide.mcu.externaltools.gnu-tools-for-stm32.13.3.rel1.win32_1.0.0.202411081344/tools/bin/../lib/gcc/arm-none-eabi/13.3.1/../../../../arm-none-eabi/lib/thumb/v7e-m+dp/hard\libnosys.a
END GROUP
LOAD C:/ST/STM32CubeIDE_1.19.0/STM32CubeIDE/plugins/com.st.stm32cube.ide.mcu.externaltools.gnu-tools-for-stm32.13.3.rel1.win32_1.0.0.202411081344/tools/bin/../lib/gcc/arm-none-eabi/13.3.1/thumb/v7e-m+dp/hard/crtend.o
LOAD C:/ST/STM32CubeIDE_1.19.0/STM32CubeIDE/plugins/com.st.stm32cube.ide.mcu.externaltools.gnu-tools-for-stm32.13.3.rel1.win32_1.0.0.202411081344/tools/bin/../lib/gcc/arm-none-eabi/13.3.1/thumb/v7e-m+dp/hard/crtn.o
                0x20080000                        _estack = (ORIGIN (RAM) + LENGTH (RAM))
                0x00000200                        _Min_Heap_Size = 0x200
                0x00000400                        _Min_Stack_Size = 0x400

.isr_vector     0x08000000      0x1f8
                0x08000000                        . = ALIGN (0x4)
 *(.isr_vector)
 .isr_vector    0x08000000      0x1f8 ./Core/Startup/startup_stm32f767zitx.o
                0x08000000                g_pfnVectors
                0x080001f8                        . = ALIGN (0x4)

.text           0x08000200    0x24eb4
                0x08000200                        . = ALIGN (0x4)
 *(.text)
 .text          0x08000200       0x40 C:/ST/STM32CubeIDE_1.19.0/STM32CubeIDE/plugins/com.st.stm32cube.ide.mcu.externaltools.gnu-tools-for-stm32.13.3.rel1.win32_1.0.0.202411081344/tools/bin/../lib/gcc/arm-none-eabi/13.3.1/thumb/v7e-m+dp/hard/crtbegin.o
 .text          0x08000240       0x14 C:/ST/STM32CubeIDE_1.19.0/STM32CubeIDE/plugins/com.st.stm32cube.ide.mcu.externaltools.gnu-tools-for-stm32.13.3.rel1.win32_1.0.0.202411081344/tools/bin/../lib/gcc/arm-none-eabi/13.3.1/../../../../arm-none-eabi/lib/thumb/v7e-m+dp/hard\libc_nano.a(libc_a-strcmp.o)
                0x08000240                strcmp
 *fill*         0x08000254        0xc 
 .text          0x08000260       0xa0 C:/ST/STM32CubeIDE_1.19.0/STM32CubeIDE/plugins/com.st.stm32cube.ide.mcu.externaltools.gnu-tools-for-stm32.13.3.rel1.win32_1.0.0.202411081344/tools/bin/../lib/gcc/arm-none-eabi/13.3.1/../../../../arm-none-eabi/lib/thumb/v7e-m+dp/hard\libc_nano.a(libc_a-memchr.o)
                0x08000260                memchr
 .text          0x08000300       0x10 C:/ST/STM32CubeIDE_1.19.0/STM32CubeIDE/plugins/com.st.stm32cube.ide.mcu.externaltools.gnu-tools-for-stm32.13.3.rel1.win32_1.0.0.202411081344/tools/bin/../lib/gcc/arm-none-eabi/13.3.1/../../../../arm-none-eabi/lib/thumb/v7e-m+dp/hard\libc_nano.a(libc_a-strlen.o)
                0x08000300                strlen
 .text          0x08000310       0x30 C:/ST/STM32CubeIDE_1.19.0/STM32CubeIDE/plugins/com.st.stm32cube.ide.mcu.externaltools.gnu-tools-for-stm32.13.3.rel1.win32_1.0.0.202411081344/tools/bin/../lib/gcc/arm-none-eabi/13.3.1/thumb/v7e-m+dp/hard\libgcc.a(_aeabi_uldivmod.o)
                0x08000310                __aeabi_uldivmod
 .text          0x08000340      0x2f8 C:/ST/STM32CubeIDE_1.19.0/STM32CubeIDE/plugins/com.st.stm32cube.ide.mcu.externaltools.gnu-tools-for-stm32.13.3.rel1.win32_1.0.0.202411081344/tools/bin/../lib/gcc/arm-none-eabi/13.3.1/thumb/v7e-m+dp/hard\libgcc.a(_udivmoddi4.o)
                0x08000340                __udivmoddi4
 .text          0x08000638        0x4 C:/ST/STM32CubeIDE_1.19.0/STM32CubeIDE/plugins/com.st.stm32cube.ide.mcu.externaltools.gnu-tools-for-stm32.13.3.rel1.win32_1.0.0.202411081344/tools/bin/../lib/gcc/arm-none-eabi/13.3.1/thumb/v7e-m+dp/hard\libgcc.a(_dvmd_tls.o)
                0x08000638                __aeabi_idiv0
                0x08000638                __aeabi_ldiv0
 *(.text*)
 .text.my_get_leds
                0x0800063c       0x90 ./Core/Src/main.o
                0x0800063c                my_get_leds
 .text.my_set_leds
                0x080006cc       0x2c ./Core/Src/main.o
                0x080006cc                my_set_leds
 .text.mg_random
                0x080006f8       0x5c ./Core/Src/main.o
                0x080006f8                mg_random
 .text._write   0x08000754       0x38 ./Core/Src/main.o
                0x08000754                _write
 .text.main     0x0800078c       0x44 ./Core/Src/main.o
                0x0800078c                main
 .text.SystemClock_Config
                0x080007d0       0xdc ./Core/Src/main.o
                0x080007d0                SystemClock_Config
 .text.MX_ETH_Init
                0x080008ac       0x9c ./Core/Src/main.o
 .text.MX_RNG_Init
                0x08000948       0x28 ./Core/Src/main.o
 .text.MX_USART3_UART_Init
                0x08000970       0x60 ./Core/Src/main.o
 .text.MX_GPIO_Init
                0x080009d0       0xe4 ./Core/Src/main.o
 .text.StartDefaultTask
                0x08000ab4       0x30 ./Core/Src/main.o
                0x08000ab4                StartDefaultTask
 .text.HAL_TIM_PeriodElapsedCallback
                0x08000ae4       0x24 ./Core/Src/main.o
                0x08000ae4                HAL_TIM_PeriodElapsedCallback
 .text.Error_Handler
                0x08000b08        0xc ./Core/Src/main.o
                0x08000b08                Error_Handler
 .text.HAL_MspInit
                0x08000b14       0x50 ./Core/Src/stm32f7xx_hal_msp.o
                0x08000b14                HAL_MspInit
 .text.HAL_ETH_MspInit
                0x08000b64      0x180 ./Core/Src/stm32f7xx_hal_msp.o
                0x08000b64                HAL_ETH_MspInit
 .text.HAL_RNG_MspInit
                0x08000ce4       0x68 ./Core/Src/stm32f7xx_hal_msp.o
                0x08000ce4                HAL_RNG_MspInit
 .text.HAL_UART_MspInit
                0x08000d4c       0xc0 ./Core/Src/stm32f7xx_hal_msp.o
                0x08000d4c                HAL_UART_MspInit
 .text.HAL_InitTick
                0x08000e0c       0xf4 ./Core/Src/stm32f7xx_hal_timebase_tim.o
                0x08000e0c                HAL_InitTick
 .text.NMI_Handler
                0x08000f00        0x8 ./Core/Src/stm32f7xx_it.o
                0x08000f00                NMI_Handler
 .text.HardFault_Handler
                0x08000f08        0x8 ./Core/Src/stm32f7xx_it.o
                0x08000f08                HardFault_Handler
 .text.MemManage_Handler
                0x08000f10        0x8 ./Core/Src/stm32f7xx_it.o
                0x08000f10                MemManage_Handler
 .text.BusFault_Handler
                0x08000f18        0x8 ./Core/Src/stm32f7xx_it.o
                0x08000f18                BusFault_Handler
 .text.UsageFault_Handler
                0x08000f20        0x8 ./Core/Src/stm32f7xx_it.o
                0x08000f20                UsageFault_Handler
 .text.DebugMon_Handler
                0x08000f28        0xe ./Core/Src/stm32f7xx_it.o
                0x08000f28                DebugMon_Handler
 *fill*         0x08000f36        0x2 
 .text.TIM6_DAC_IRQHandler
                0x08000f38       0x14 ./Core/Src/stm32f7xx_it.o
                0x08000f38                TIM6_DAC_IRQHandler
 .text._getpid  0x08000f4c       0x10 ./Core/Src/syscalls.o
                0x08000f4c                _getpid
 .text._kill    0x08000f5c       0x20 ./Core/Src/syscalls.o
                0x08000f5c                _kill
 .text._exit    0x08000f7c       0x16 ./Core/Src/syscalls.o
                0x08000f7c                _exit
 .text._read    0x08000f92       0x3a ./Core/Src/syscalls.o
                0x08000f92                _read
 .text._close   0x08000fcc       0x18 ./Core/Src/syscalls.o
                0x08000fcc                _close
 .text._fstat   0x08000fe4       0x20 ./Core/Src/syscalls.o
                0x08000fe4                _fstat
 .text._isatty  0x08001004       0x16 ./Core/Src/syscalls.o
                0x08001004                _isatty
 .text._lseek   0x0800101a       0x1a ./Core/Src/syscalls.o
                0x0800101a                _lseek
 .text._sbrk    0x08001034       0x6c ./Core/Src/sysmem.o
                0x08001034                _sbrk
 .text.SystemInit
                0x080010a0       0x24 ./Core/Src/system_stm32f7xx.o
                0x080010a0                SystemInit
 .text.Reset_Handler
                0x080010c4       0x50 ./Core/Startup/startup_stm32f767zitx.o
                0x080010c4                Reset_Handler
 .text.Default_Handler
                0x08001114        0x2 ./Core/Startup/startup_stm32f767zitx.o
                0x08001114                RTC_Alarm_IRQHandler
                0x08001114                EXTI2_IRQHandler
                0x08001114                TIM8_CC_IRQHandler
                0x08001114                UART8_IRQHandler
                0x08001114                SPI4_IRQHandler
                0x08001114                TIM1_CC_IRQHandler
                0x08001114                DMA2_Stream5_IRQHandler
                0x08001114                JPEG_IRQHandler
                0x08001114                DMA1_Stream5_IRQHandler
                0x08001114                CAN3_RX1_IRQHandler
                0x08001114                PVD_IRQHandler
                0x08001114                TAMP_STAMP_IRQHandler
                0x08001114                CAN2_RX1_IRQHandler
                0x08001114                EXTI3_IRQHandler
                0x08001114                TIM8_TRG_COM_TIM14_IRQHandler
                0x08001114                DFSDM1_FLT1_IRQHandler
                0x08001114                TIM1_UP_TIM10_IRQHandler
                0x08001114                TIM8_UP_TIM13_IRQHandler
                0x08001114                I2C3_ER_IRQHandler
                0x08001114                DFSDM1_FLT2_IRQHandler
                0x08001114                EXTI0_IRQHandler
                0x08001114                I2C2_EV_IRQHandler
                0x08001114                DMA1_Stream2_IRQHandler
                0x08001114                CAN1_RX0_IRQHandler
                0x08001114                FPU_IRQHandler
                0x08001114                OTG_HS_WKUP_IRQHandler
                0x08001114                CAN3_SCE_IRQHandler
                0x08001114                LTDC_ER_IRQHandler
                0x08001114                CAN2_SCE_IRQHandler
                0x08001114                DMA2_Stream2_IRQHandler
                0x08001114                SPI1_IRQHandler
                0x08001114                TIM1_BRK_TIM9_IRQHandler
                0x08001114                DCMI_IRQHandler
                0x08001114                CAN2_RX0_IRQHandler
                0x08001114                DMA2_Stream3_IRQHandler
                0x08001114                SAI2_IRQHandler
                0x08001114                DFSDM1_FLT3_IRQHandler
                0x08001114                USART6_IRQHandler
                0x08001114                CAN3_RX0_IRQHandler
                0x08001114                USART3_IRQHandler
                0x08001114                CAN1_RX1_IRQHandler
                0x08001114                UART5_IRQHandler
                0x08001114                DMA2_Stream0_IRQHandler
                0x08001114                TIM4_IRQHandler
                0x08001114                QUADSPI_IRQHandler
                0x08001114                I2C1_EV_IRQHandler
                0x08001114                DMA1_Stream6_IRQHandler
                0x08001114                DMA1_Stream1_IRQHandler
                0x08001114                UART4_IRQHandler
                0x08001114                TIM3_IRQHandler
                0x08001114                RCC_IRQHandler
                0x08001114                TIM8_BRK_TIM12_IRQHandler
                0x08001114                Default_Handler
                0x08001114                CEC_IRQHandler
                0x08001114                EXTI15_10_IRQHandler
                0x08001114                ADC_IRQHandler
                0x08001114                DMA1_Stream7_IRQHandler
                0x08001114                SPI5_IRQHandler
                0x08001114                TIM7_IRQHandler
                0x08001114                SDMMC1_IRQHandler
                0x08001114                CAN2_TX_IRQHandler
                0x08001114                TIM5_IRQHandler
                0x08001114                DMA2_Stream7_IRQHandler
                0x08001114                I2C3_EV_IRQHandler
                0x08001114                EXTI9_5_IRQHandler
                0x08001114                RTC_WKUP_IRQHandler
                0x08001114                LTDC_IRQHandler
                0x08001114                ETH_WKUP_IRQHandler
                0x08001114                SPDIF_RX_IRQHandler
                0x08001114                SPI2_IRQHandler
                0x08001114                OTG_HS_EP1_IN_IRQHandler
                0x08001114                DMA1_Stream0_IRQHandler
                0x08001114                CAN1_TX_IRQHandler
                0x08001114                EXTI4_IRQHandler
                0x08001114                RNG_IRQHandler
                0x08001114                OTG_HS_EP1_OUT_IRQHandler
                0x08001114                WWDG_IRQHandler
                0x08001114                SPI6_IRQHandler
                0x08001114                MDIOS_IRQHandler
                0x08001114                I2C4_EV_IRQHandler
                0x08001114                CAN3_TX_IRQHandler
                0x08001114                TIM2_IRQHandler
                0x08001114                OTG_FS_WKUP_IRQHandler
                0x08001114                TIM1_TRG_COM_TIM11_IRQHandler
                0x08001114                OTG_HS_IRQHandler
                0x08001114                DMA2D_IRQHandler
                0x08001114                EXTI1_IRQHandler
                0x08001114                SDMMC2_IRQHandler
                0x08001114                UART7_IRQHandler
                0x08001114                USART2_IRQHandler
                0x08001114                DFSDM1_FLT0_IRQHandler
                0x08001114                I2C2_ER_IRQHandler
                0x08001114                DMA2_Stream1_IRQHandler
                0x08001114                CAN1_SCE_IRQHandler
                0x08001114                FLASH_IRQHandler
                0x08001114                DMA2_Stream4_IRQHandler
                0x08001114                USART1_IRQHandler
                0x08001114                OTG_FS_IRQHandler
                0x08001114                SPI3_IRQHandler
                0x08001114                DMA1_Stream4_IRQHandler
                0x08001114                I2C1_ER_IRQHandler
                0x08001114                FMC_IRQHandler
                0x08001114                LPTIM1_IRQHandler
                0x08001114                I2C4_ER_IRQHandler
                0x08001114                DMA2_Stream6_IRQHandler
                0x08001114                SAI1_IRQHandler
                0x08001114                DMA1_Stream3_IRQHandler
 .text.HAL_Init
                0x08001116       0x1a ./Drivers/STM32F7xx_HAL_Driver/Src/stm32f7xx_hal.o
                0x08001116                HAL_Init
 .text.HAL_IncTick
                0x08001130       0x28 ./Drivers/STM32F7xx_HAL_Driver/Src/stm32f7xx_hal.o
                0x08001130                HAL_IncTick
 .text.HAL_GetTick
                0x08001158       0x18 ./Drivers/STM32F7xx_HAL_Driver/Src/stm32f7xx_hal.o
                0x08001158                HAL_GetTick
 .text.HAL_Delay
                0x08001170       0x48 ./Drivers/STM32F7xx_HAL_Driver/Src/stm32f7xx_hal.o
                0x08001170                HAL_Delay
 .text.__NVIC_SetPriorityGrouping
                0x080011b8       0x48 ./Drivers/STM32F7xx_HAL_Driver/Src/stm32f7xx_hal_cortex.o
 .text.__NVIC_GetPriorityGrouping
                0x08001200       0x1c ./Drivers/STM32F7xx_HAL_Driver/Src/stm32f7xx_hal_cortex.o
 .text.__NVIC_EnableIRQ
                0x0800121c       0x3c ./Drivers/STM32F7xx_HAL_Driver/Src/stm32f7xx_hal_cortex.o
 .text.__NVIC_SetPriority
                0x08001258       0x54 ./Drivers/STM32F7xx_HAL_Driver/Src/stm32f7xx_hal_cortex.o
 .text.NVIC_EncodePriority
                0x080012ac       0x66 ./Drivers/STM32F7xx_HAL_Driver/Src/stm32f7xx_hal_cortex.o
 .text.HAL_NVIC_SetPriorityGrouping
                0x08001312       0x16 ./Drivers/STM32F7xx_HAL_Driver/Src/stm32f7xx_hal_cortex.o
                0x08001312                HAL_NVIC_SetPriorityGrouping
 .text.HAL_NVIC_SetPriority
                0x08001328       0x38 ./Drivers/STM32F7xx_HAL_Driver/Src/stm32f7xx_hal_cortex.o
                0x08001328                HAL_NVIC_SetPriority
 .text.HAL_NVIC_EnableIRQ
                0x08001360       0x1c ./Drivers/STM32F7xx_HAL_Driver/Src/stm32f7xx_hal_cortex.o
                0x08001360                HAL_NVIC_EnableIRQ
 .text.HAL_ETH_Init
                0x0800137c      0x134 ./Drivers/STM32F7xx_HAL_Driver/Src/stm32f7xx_hal_eth.o
                0x0800137c                HAL_ETH_Init
 .text.ETH_SetMACConfig
                0x080014b0      0x168 ./Drivers/STM32F7xx_HAL_Driver/Src/stm32f7xx_hal_eth.o
 .text.ETH_SetDMAConfig
                0x08001618      0x114 ./Drivers/STM32F7xx_HAL_Driver/Src/stm32f7xx_hal_eth.o
 .text.ETH_MACDMAConfig
                0x0800172c       0xea ./Drivers/STM32F7xx_HAL_Driver/Src/stm32f7xx_hal_eth.o
 *fill*         0x08001816        0x2 
 .text.ETH_MACAddressConfig
                0x08001818       0x70 ./Drivers/STM32F7xx_HAL_Driver/Src/stm32f7xx_hal_eth.o
 .text.ETH_DMATxDescListInit
                0x08001888       0xb2 ./Drivers/STM32F7xx_HAL_Driver/Src/stm32f7xx_hal_eth.o
 .text.ETH_DMARxDescListInit
                0x0800193a       0xde ./Drivers/STM32F7xx_HAL_Driver/Src/stm32f7xx_hal_eth.o
 .text.HAL_GPIO_Init
                0x08001a18      0x358 ./Drivers/STM32F7xx_HAL_Driver/Src/stm32f7xx_hal_gpio.o
                0x08001a18                HAL_GPIO_Init
 .text.HAL_GPIO_ReadPin
                0x08001d70       0x30 ./Drivers/STM32F7xx_HAL_Driver/Src/stm32f7xx_hal_gpio.o
                0x08001d70                HAL_GPIO_ReadPin
 .text.HAL_GPIO_WritePin
                0x08001da0       0x32 ./Drivers/STM32F7xx_HAL_Driver/Src/stm32f7xx_hal_gpio.o
                0x08001da0                HAL_GPIO_WritePin
 *fill*         0x08001dd2        0x2 
 .text.HAL_PWREx_EnableOverDrive
                0x08001dd4       0xa0 ./Drivers/STM32F7xx_HAL_Driver/Src/stm32f7xx_hal_pwr_ex.o
                0x08001dd4                HAL_PWREx_EnableOverDrive
 .text.HAL_RCC_OscConfig
                0x08001e74      0x55c ./Drivers/STM32F7xx_HAL_Driver/Src/stm32f7xx_hal_rcc.o
                0x08001e74                HAL_RCC_OscConfig
 .text.HAL_RCC_ClockConfig
                0x080023d0      0x1d8 ./Drivers/STM32F7xx_HAL_Driver/Src/stm32f7xx_hal_rcc.o
                0x080023d0                HAL_RCC_ClockConfig
 .text.HAL_RCC_GetSysClockFreq
                0x080025a8      0x18c ./Drivers/STM32F7xx_HAL_Driver/Src/stm32f7xx_hal_rcc.o
                0x080025a8                HAL_RCC_GetSysClockFreq
 .text.HAL_RCC_GetHCLKFreq
                0x08002734       0x18 ./Drivers/STM32F7xx_HAL_Driver/Src/stm32f7xx_hal_rcc.o
                0x08002734                HAL_RCC_GetHCLKFreq
 .text.HAL_RCC_GetPCLK1Freq
                0x0800274c       0x28 ./Drivers/STM32F7xx_HAL_Driver/Src/stm32f7xx_hal_rcc.o
                0x0800274c                HAL_RCC_GetPCLK1Freq
 .text.HAL_RCC_GetPCLK2Freq
                0x08002774       0x28 ./Drivers/STM32F7xx_HAL_Driver/Src/stm32f7xx_hal_rcc.o
                0x08002774                HAL_RCC_GetPCLK2Freq
 .text.HAL_RCC_GetClockConfig
                0x0800279c       0x64 ./Drivers/STM32F7xx_HAL_Driver/Src/stm32f7xx_hal_rcc.o
                0x0800279c                HAL_RCC_GetClockConfig
 .text.HAL_RCCEx_PeriphCLKConfig
                0x08002800      0x850 ./Drivers/STM32F7xx_HAL_Driver/Src/stm32f7xx_hal_rcc_ex.o
                0x08002800                HAL_RCCEx_PeriphCLKConfig
 .text.HAL_RNG_Init
                0x08003050       0x54 ./Drivers/STM32F7xx_HAL_Driver/Src/stm32f7xx_hal_rng.o
                0x08003050                HAL_RNG_Init
 .text.HAL_RNG_GenerateRandomNumber
                0x080030a4       0xac ./Drivers/STM32F7xx_HAL_Driver/Src/stm32f7xx_hal_rng.o
                0x080030a4                HAL_RNG_GenerateRandomNumber
 .text.HAL_TIM_Base_Init
                0x08003150       0xae ./Drivers/STM32F7xx_HAL_Driver/Src/stm32f7xx_hal_tim.o
                0x08003150                HAL_TIM_Base_Init
 .text.HAL_TIM_Base_MspInit
                0x080031fe       0x14 ./Drivers/STM32F7xx_HAL_Driver/Src/stm32f7xx_hal_tim.o
                0x080031fe                HAL_TIM_Base_MspInit
 *fill*         0x08003212        0x2 
 .text.HAL_TIM_Base_Start_IT
                0x08003214       0xf0 ./Drivers/STM32F7xx_HAL_Driver/Src/stm32f7xx_hal_tim.o
                0x08003214                HAL_TIM_Base_Start_IT
 .text.HAL_TIM_IRQHandler
                0x08003304      0x20e ./Drivers/STM32F7xx_HAL_Driver/Src/stm32f7xx_hal_tim.o
                0x08003304                HAL_TIM_IRQHandler
 .text.HAL_TIM_OC_DelayElapsedCallback
                0x08003512       0x14 ./Drivers/STM32F7xx_HAL_Driver/Src/stm32f7xx_hal_tim.o
                0x08003512                HAL_TIM_OC_DelayElapsedCallback
 .text.HAL_TIM_IC_CaptureCallback
                0x08003526       0x14 ./Drivers/STM32F7xx_HAL_Driver/Src/stm32f7xx_hal_tim.o
                0x08003526                HAL_TIM_IC_CaptureCallback
 .text.HAL_TIM_PWM_PulseFinishedCallback
                0x0800353a       0x14 ./Drivers/STM32F7xx_HAL_Driver/Src/stm32f7xx_hal_tim.o
                0x0800353a                HAL_TIM_PWM_PulseFinishedCallback
 .text.HAL_TIM_TriggerCallback
                0x0800354e       0x14 ./Drivers/STM32F7xx_HAL_Driver/Src/stm32f7xx_hal_tim.o
                0x0800354e                HAL_TIM_TriggerCallback
 *fill*         0x08003562        0x2 
 .text.TIM_Base_SetConfig
                0x08003564      0x14c ./Drivers/STM32F7xx_HAL_Driver/Src/stm32f7xx_hal_tim.o
                0x08003564                TIM_Base_SetConfig
 .text.HAL_TIMEx_CommutCallback
                0x080036b0       0x14 ./Drivers/STM32F7xx_HAL_Driver/Src/stm32f7xx_hal_tim_ex.o
                0x080036b0                HAL_TIMEx_CommutCallback
 .text.HAL_TIMEx_BreakCallback
                0x080036c4       0x14 ./Drivers/STM32F7xx_HAL_Driver/Src/stm32f7xx_hal_tim_ex.o
                0x080036c4                HAL_TIMEx_BreakCallback
 .text.HAL_TIMEx_Break2Callback
                0x080036d8       0x14 ./Drivers/STM32F7xx_HAL_Driver/Src/stm32f7xx_hal_tim_ex.o
                0x080036d8                HAL_TIMEx_Break2Callback
 .text.HAL_UART_Init
                0x080036ec       0x9c ./Drivers/STM32F7xx_HAL_Driver/Src/stm32f7xx_hal_uart.o
                0x080036ec                HAL_UART_Init
 .text.HAL_UART_Transmit
                0x08003788      0x112 ./Drivers/STM32F7xx_HAL_Driver/Src/stm32f7xx_hal_uart.o
                0x08003788                HAL_UART_Transmit
 *fill*         0x0800389a        0x2 
 .text.UART_SetConfig
                0x0800389c      0x4c8 ./Drivers/STM32F7xx_HAL_Driver/Src/stm32f7xx_hal_uart.o
                0x0800389c                UART_SetConfig
 .text.UART_AdvFeatureConfig
                0x08003d64      0x144 ./Drivers/STM32F7xx_HAL_Driver/Src/stm32f7xx_hal_uart.o
                0x08003d64                UART_AdvFeatureConfig
 .text.UART_CheckIdleState
                0x08003ea8      0x150 ./Drivers/STM32F7xx_HAL_Driver/Src/stm32f7xx_hal_uart.o
                0x08003ea8                UART_CheckIdleState
 .text.UART_WaitOnFlagUntilTimeout
                0x08003ff8       0xda ./Drivers/STM32F7xx_HAL_Driver/Src/stm32f7xx_hal_uart.o
                0x08003ff8                UART_WaitOnFlagUntilTimeout
 .text.UART_EndRxTransfer
                0x080040d2       0xc8 ./Drivers/STM32F7xx_HAL_Driver/Src/stm32f7xx_hal_uart.o
 .text.SVC_Setup
                0x0800419a        0xe ./Middlewares/Third_Party/FreeRTOS/Source/CMSIS_RTOS_V2/cmsis_os2.o
 .text.osKernelInitialize
                0x080041a8       0x68 ./Middlewares/Third_Party/FreeRTOS/Source/CMSIS_RTOS_V2/cmsis_os2.o
                0x080041a8                osKernelInitialize
 .text.osKernelStart
                0x08004210       0x6c ./Middlewares/Third_Party/FreeRTOS/Source/CMSIS_RTOS_V2/cmsis_os2.o
                0x08004210                osKernelStart
 .text.osThreadNew
                0x0800427c      0x14c ./Middlewares/Third_Party/FreeRTOS/Source/CMSIS_RTOS_V2/cmsis_os2.o
                0x0800427c                osThreadNew
 .text.osDelay  0x080043c8       0x5c ./Middlewares/Third_Party/FreeRTOS/Source/CMSIS_RTOS_V2/cmsis_os2.o
                0x080043c8                osDelay
 .text.vApplicationGetIdleTaskMemory
                0x08004424       0x34 ./Middlewares/Third_Party/FreeRTOS/Source/CMSIS_RTOS_V2/cmsis_os2.o
                0x08004424                vApplicationGetIdleTaskMemory
 .text.vApplicationGetTimerTaskMemory
                0x08004458       0x34 ./Middlewares/Third_Party/FreeRTOS/Source/CMSIS_RTOS_V2/cmsis_os2.o
                0x08004458                vApplicationGetTimerTaskMemory
 .text.vListInitialise
                0x0800448c       0x40 ./Middlewares/Third_Party/FreeRTOS/Source/list.o
                0x0800448c                vListInitialise
 .text.vListInitialiseItem
                0x080044cc       0x1a ./Middlewares/Third_Party/FreeRTOS/Source/list.o
                0x080044cc                vListInitialiseItem
 .text.vListInsertEnd
                0x080044e6       0x48 ./Middlewares/Third_Party/FreeRTOS/Source/list.o
                0x080044e6                vListInsertEnd
 .text.vListInsert
                0x0800452e       0x72 ./Middlewares/Third_Party/FreeRTOS/Source/list.o
                0x0800452e                vListInsert
 .text.uxListRemove
                0x080045a0       0x54 ./Middlewares/Third_Party/FreeRTOS/Source/list.o
                0x080045a0                uxListRemove
 .text.xQueueGenericReset
                0x080045f4       0xd8 ./Middlewares/Third_Party/FreeRTOS/Source/queue.o
                0x080045f4                xQueueGenericReset
 .text.xQueueGenericCreateStatic
                0x080046cc      0x10e ./Middlewares/Third_Party/FreeRTOS/Source/queue.o
                0x080046cc                xQueueGenericCreateStatic
 .text.prvInitialiseNewQueue
                0x080047da       0x46 ./Middlewares/Third_Party/FreeRTOS/Source/queue.o
 .text.xQueueGenericSend
                0x08004820      0x214 ./Middlewares/Third_Party/FreeRTOS/Source/queue.o
                0x08004820                xQueueGenericSend
 .text.xQueueGenericSendFromISR
                0x08004a34      0x146 ./Middlewares/Third_Party/FreeRTOS/Source/queue.o
                0x08004a34                xQueueGenericSendFromISR
 *fill*         0x08004b7a        0x2 
 .text.xQueueReceive
                0x08004b7c      0x1d0 ./Middlewares/Third_Party/FreeRTOS/Source/queue.o
                0x08004b7c                xQueueReceive
 .text.prvCopyDataToQueue
                0x08004d4c       0xd4 ./Middlewares/Third_Party/FreeRTOS/Source/queue.o
 .text.prvCopyDataFromQueue
                0x08004e20       0x4c ./Middlewares/Third_Party/FreeRTOS/Source/queue.o
 .text.prvUnlockQueue
                0x08004e6c       0xa4 ./Middlewares/Third_Party/FreeRTOS/Source/queue.o
 .text.prvIsQueueEmpty
                0x08004f10       0x2c ./Middlewares/Third_Party/FreeRTOS/Source/queue.o
 .text.prvIsQueueFull
                0x08004f3c       0x30 ./Middlewares/Third_Party/FreeRTOS/Source/queue.o
 .text.vQueueAddToRegistry
                0x08004f6c       0x54 ./Middlewares/Third_Party/FreeRTOS/Source/queue.o
                0x08004f6c                vQueueAddToRegistry
 .text.vQueueWaitForMessageRestricted
                0x08004fc0       0x68 ./Middlewares/Third_Party/FreeRTOS/Source/queue.o
                0x08004fc0                vQueueWaitForMessageRestricted
 .text.xTaskCreateStatic
                0x08005028       0xcc ./Middlewares/Third_Party/FreeRTOS/Source/tasks.o
                0x08005028                xTaskCreateStatic
 .text.xTaskCreate
                0x080050f4       0x8a ./Middlewares/Third_Party/FreeRTOS/Source/tasks.o
                0x080050f4                xTaskCreate
 *fill*         0x0800517e        0x2 
 .text.prvInitialiseNewTask
                0x08005180      0x154 ./Middlewares/Third_Party/FreeRTOS/Source/tasks.o
 .text.prvAddNewTaskToReadyList
                0x080052d4       0xe0 ./Middlewares/Third_Party/FreeRTOS/Source/tasks.o
 .text.vTaskDelay
                0x080053b4       0x70 ./Middlewares/Third_Party/FreeRTOS/Source/tasks.o
                0x080053b4                vTaskDelay
 .text.vTaskStartScheduler
                0x08005424       0xe8 ./Middlewares/Third_Party/FreeRTOS/Source/tasks.o
                0x08005424                vTaskStartScheduler
 .text.vTaskSuspendAll
                0x0800550c       0x1c ./Middlewares/Third_Party/FreeRTOS/Source/tasks.o
                0x0800550c                vTaskSuspendAll
 .text.xTaskResumeAll
                0x08005528      0x140 ./Middlewares/Third_Party/FreeRTOS/Source/tasks.o
                0x08005528                xTaskResumeAll
 .text.xTaskGetTickCount
                0x08005668       0x20 ./Middlewares/Third_Party/FreeRTOS/Source/tasks.o
                0x08005668                xTaskGetTickCount
 .text.xTaskIncrementTick
                0x08005688      0x178 ./Middlewares/Third_Party/FreeRTOS/Source/tasks.o
                0x08005688                xTaskIncrementTick
 .text.vTaskSwitchContext
                0x08005800       0xd0 ./Middlewares/Third_Party/FreeRTOS/Source/tasks.o
                0x08005800                vTaskSwitchContext
 .text.vTaskPlaceOnEventList
                0x080058d0       0x50 ./Middlewares/Third_Party/FreeRTOS/Source/tasks.o
                0x080058d0                vTaskPlaceOnEventList
 .text.vTaskPlaceOnEventListRestricted
                0x08005920       0x5c ./Middlewares/Third_Party/FreeRTOS/Source/tasks.o
                0x08005920                vTaskPlaceOnEventListRestricted
 .text.xTaskRemoveFromEventList
                0x0800597c       0xcc ./Middlewares/Third_Party/FreeRTOS/Source/tasks.o
                0x0800597c                xTaskRemoveFromEventList
 .text.vTaskInternalSetTimeOutState
                0x08005a48       0x2c ./Middlewares/Third_Party/FreeRTOS/Source/tasks.o
                0x08005a48                vTaskInternalSetTimeOutState
 .text.xTaskCheckForTimeOut
                0x08005a74       0xd0 ./Middlewares/Third_Party/FreeRTOS/Source/tasks.o
                0x08005a74                xTaskCheckForTimeOut
 .text.vTaskMissedYield
                0x08005b44       0x18 ./Middlewares/Third_Party/FreeRTOS/Source/tasks.o
                0x08005b44                vTaskMissedYield
 .text.prvIdleTask
                0x08005b5c       0x30 ./Middlewares/Third_Party/FreeRTOS/Source/tasks.o
 .text.prvInitialiseTaskLists
                0x08005b8c       0x80 ./Middlewares/Third_Party/FreeRTOS/Source/tasks.o
 .text.prvCheckTasksWaitingTermination
                0x08005c0c       0x5c ./Middlewares/Third_Party/FreeRTOS/Source/tasks.o
 .text.prvDeleteTCB
                0x08005c68       0x6e ./Middlewares/Third_Party/FreeRTOS/Source/tasks.o
 *fill*         0x08005cd6        0x2 
 .text.prvResetNextTaskUnblockTime
                0x08005cd8       0x40 ./Middlewares/Third_Party/FreeRTOS/Source/tasks.o
 .text.xTaskGetSchedulerState
                0x08005d18       0x3c ./Middlewares/Third_Party/FreeRTOS/Source/tasks.o
                0x08005d18                xTaskGetSchedulerState
 .text.xTaskPriorityDisinherit
                0x08005d54       0xe8 ./Middlewares/Third_Party/FreeRTOS/Source/tasks.o
                0x08005d54                xTaskPriorityDisinherit
 .text.prvAddCurrentTaskToDelayedList
                0x08005e3c       0xa8 ./Middlewares/Third_Party/FreeRTOS/Source/tasks.o
 .text.xTimerCreateTimerTask
                0x08005ee4       0x98 ./Middlewares/Third_Party/FreeRTOS/Source/timers.o
                0x08005ee4                xTimerCreateTimerTask
 .text.xTimerGenericCommand
                0x08005f7c       0xa0 ./Middlewares/Third_Party/FreeRTOS/Source/timers.o
                0x08005f7c                xTimerGenericCommand
 .text.prvProcessExpiredTimer
                0x0800601c       0xa0 ./Middlewares/Third_Party/FreeRTOS/Source/timers.o
 .text.prvTimerTask
                0x080060bc       0x26 ./Middlewares/Third_Party/FreeRTOS/Source/timers.o
 *fill*         0x080060e2        0x2 
 .text.prvProcessTimerOrBlockTask
                0x080060e4       0x9c ./Middlewares/Third_Party/FreeRTOS/Source/timers.o
 .text.prvGetNextExpireTime
                0x08006180       0x48 ./Middlewares/Third_Party/FreeRTOS/Source/timers.o
 .text.prvSampleTimeNow
                0x080061c8       0x40 ./Middlewares/Third_Party/FreeRTOS/Source/timers.o
 .text.prvInsertTimerInActiveList
                0x08006208       0x84 ./Middlewares/Third_Party/FreeRTOS/Source/timers.o
 .text.prvProcessReceivedCommands
                0x0800628c      0x1d8 ./Middlewares/Third_Party/FreeRTOS/Source/timers.o
 .text.prvSwitchTimerLists
                0x08006464       0xd0 ./Middlewares/Third_Party/FreeRTOS/Source/timers.o
 .text.prvCheckForValidListAndQueue
                0x08006534       0x80 ./Middlewares/Third_Party/FreeRTOS/Source/timers.o
 .text.pxPortInitialiseStack
                0x080065b4       0x68 ./Middlewares/Third_Party/FreeRTOS/Source/portable/GCC/ARM_CM7/r0p1/port.o
                0x080065b4                pxPortInitialiseStack
 .text.prvTaskExitError
                0x0800661c       0x64 ./Middlewares/Third_Party/FreeRTOS/Source/portable/GCC/ARM_CM7/r0p1/port.o
 .text.SVC_Handler
                0x08006680       0x28 ./Middlewares/Third_Party/FreeRTOS/Source/portable/GCC/ARM_CM7/r0p1/port.o
                0x08006680                SVC_Handler
 .text.prvPortStartFirstTask
                0x080066a8       0x28 ./Middlewares/Third_Party/FreeRTOS/Source/portable/GCC/ARM_CM7/r0p1/port.o
 .text.xPortStartScheduler
                0x080066d0       0xfc ./Middlewares/Third_Party/FreeRTOS/Source/portable/GCC/ARM_CM7/r0p1/port.o
                0x080066d0                xPortStartScheduler
 .text.vPortEnterCritical
                0x080067cc       0x6c ./Middlewares/Third_Party/FreeRTOS/Source/portable/GCC/ARM_CM7/r0p1/port.o
                0x080067cc                vPortEnterCritical
 .text.vPortExitCritical
                0x08006838       0x58 ./Middlewares/Third_Party/FreeRTOS/Source/portable/GCC/ARM_CM7/r0p1/port.o
                0x08006838                vPortExitCritical
 .text.PendSV_Handler
                0x08006890       0x68 ./Middlewares/Third_Party/FreeRTOS/Source/portable/GCC/ARM_CM7/r0p1/port.o
                0x08006890                PendSV_Handler
 .text.SysTick_Handler
                0x080068f8       0x48 ./Middlewares/Third_Party/FreeRTOS/Source/portable/GCC/ARM_CM7/r0p1/port.o
                0x080068f8                SysTick_Handler
 .text.vPortSetupTimerInterrupt
                0x08006940       0x48 ./Middlewares/Third_Party/FreeRTOS/Source/portable/GCC/ARM_CM7/r0p1/port.o
                0x08006940                vPortSetupTimerInterrupt
 .text.vPortEnableVFP
                0x08006988       0x14 ./Middlewares/Third_Party/FreeRTOS/Source/portable/GCC/ARM_CM7/r0p1/port.o
 .text.vPortValidateInterruptPriority
                0x0800699c       0x8c ./Middlewares/Third_Party/FreeRTOS/Source/portable/GCC/ARM_CM7/r0p1/port.o
                0x0800699c                vPortValidateInterruptPriority
 .text.pvPortMalloc
                0x08006a28      0x19c ./Middlewares/Third_Party/FreeRTOS/Source/portable/MemMang/heap_4.o
                0x08006a28                pvPortMalloc
 .text.vPortFree
                0x08006bc4       0xc0 ./Middlewares/Third_Party/FreeRTOS/Source/portable/MemMang/heap_4.o
                0x08006bc4                vPortFree
 .text.prvHeapInit
                0x08006c84       0xc4 ./Middlewares/Third_Party/FreeRTOS/Source/portable/MemMang/heap_4.o
 .text.prvInsertBlockIntoFreeList
                0x08006d48       0xb4 ./Middlewares/Third_Party/FreeRTOS/Source/portable/MemMang/heap_4.o
 .text.mg_free  0x08006dfc       0x16 ./mongoose/mongoose.o
 .text.mg_calloc
                0x08006e12       0x3c ./mongoose/mongoose.o
 .text.mg_base64_encode_single
                0x08006e4e       0x44 ./mongoose/mongoose.o
 .text.mg_base64_decode_single
                0x08006e92       0x6c ./mongoose/mongoose.o
 *fill*         0x08006efe        0x2 
 .text.mg_base64_update
                0x08006f00       0xfc ./mongoose/mongoose.o
                0x08006f00                mg_base64_update
 .text.mg_base64_final
                0x08006ffc       0x62 ./mongoose/mongoose.o
                0x08006ffc                mg_base64_final
 *fill*         0x0800705e        0x2 
 .text.mg_base64_encode
                0x08007060       0x94 ./mongoose/mongoose.o
                0x08007060                mg_base64_encode
 .text.mg_base64_decode
                0x080070f4      0x144 ./mongoose/mongoose.o
                0x080070f4                mg_base64_decode
 .text.mg_dns_free
                0x08007238       0x36 ./mongoose/mongoose.o
 .text.mg_resolve_cancel
                0x0800726e       0x44 ./mongoose/mongoose.o
                0x0800726e                mg_resolve_cancel
 .text.mg_dns_parse_name_depth
                0x080072b2      0x160 ./mongoose/mongoose.o
 .text.mg_dns_parse_name
                0x08007412       0x30 ./mongoose/mongoose.o
 .text.mg_dns_parse_rr
                0x08007442      0x12a ./mongoose/mongoose.o
                0x08007442                mg_dns_parse_rr
 .text.mg_dns_parse
                0x0800756c      0x1d8 ./mongoose/mongoose.o
                0x0800756c                mg_dns_parse
 .text.dns_cb   0x08007744      0x304 ./mongoose/mongoose.o
 .text.mg_dns_send
                0x08007a48      0x1c0 ./mongoose/mongoose.o
 .text.mg_dnsc_init
                0x08007c08       0x64 ./mongoose/mongoose.o
                0x08007c08                mg_dnsc_init
 .text.mg_sendnsreq
                0x08007c6c      0x13c ./mongoose/mongoose.o
 .text.mg_resolve
                0x08007da8       0x88 ./mongoose/mongoose.o
                0x08007da8                mg_resolve
 .text.mg_call  0x08007e30       0x44 ./mongoose/mongoose.o
                0x08007e30                mg_call
 .text.mg_error
                0x08007e74       0x84 ./mongoose/mongoose.o
                0x08007e74                mg_error
 .text.is_digit
                0x08007ef8       0x2c ./mongoose/mongoose.o
 .text.addexp   0x08007f24      0x104 ./mongoose/mongoose.o
 .text.xisinf   0x08008028       0x50 ./mongoose/mongoose.o
 .text.xisnan   0x08008078       0x58 ./mongoose/mongoose.o
 .text.mg_dtoa  0x080080d0      0x56c ./mongoose/mongoose.o
 .text.mg_lld   0x0800863c      0x160 ./mongoose/mongoose.o
 .text.scpy     0x0800879c       0x46 ./mongoose/mongoose.o
 .text.mg_xprintf
                0x080087e2       0x36 ./mongoose/mongoose.o
                0x080087e2                mg_xprintf
 .text.mg_vxprintf
                0x08008818      0x748 ./mongoose/mongoose.o
                0x08008818                mg_vxprintf
 .text.mg_fs_open
                0x08008f60       0x4e ./mongoose/mongoose.o
                0x08008f60                mg_fs_open
 .text.mg_fs_close
                0x08008fae       0x2a ./mongoose/mongoose.o
                0x08008fae                mg_fs_close
 .text.is_dir_prefix
                0x08008fd8       0x58 ./mongoose/mongoose.o
 .text.packed_stat
                0x08009030       0x60 ./mongoose/mongoose.o
 .text.packed_list
                0x08009090      0x13c ./mongoose/mongoose.o
 .text.packed_open
                0x080091cc       0x60 ./mongoose/mongoose.o
 .text.packed_close
                0x0800922c       0x1c ./mongoose/mongoose.o
 .text.packed_read
                0x08009248       0x56 ./mongoose/mongoose.o
 .text.packed_write
                0x0800929e       0x1a ./mongoose/mongoose.o
 .text.packed_seek
                0x080092b8       0x38 ./mongoose/mongoose.o
 .text.packed_rename
                0x080092f0       0x18 ./mongoose/mongoose.o
 .text.packed_remove
                0x08009308       0x16 ./mongoose/mongoose.o
 .text.packed_mkdir
                0x0800931e       0x16 ./mongoose/mongoose.o
 .text.p_stat   0x08009334       0x1a ./mongoose/mongoose.o
 .text.p_list   0x0800934e       0x18 ./mongoose/mongoose.o
 .text.p_open   0x08009366       0x18 ./mongoose/mongoose.o
 .text.p_close  0x0800937e       0x14 ./mongoose/mongoose.o
 .text.p_read   0x08009392       0x1a ./mongoose/mongoose.o
 .text.p_write  0x080093ac       0x1a ./mongoose/mongoose.o
 .text.p_seek   0x080093c6       0x1a ./mongoose/mongoose.o
 .text.p_rename
                0x080093e0       0x18 ./mongoose/mongoose.o
 .text.p_remove
                0x080093f8       0x16 ./mongoose/mongoose.o
 .text.p_mkdir  0x0800940e       0x16 ./mongoose/mongoose.o
 .text.mg_ncasecmp
                0x08009424       0x80 ./mongoose/mongoose.o
 .text.mg_to_size_t
                0x080094a4      0x12c ./mongoose/mongoose.o
                0x080094a4                mg_to_size_t
 .text.mg_http_var
                0x080095d0       0xa0 ./mongoose/mongoose.o
                0x080095d0                mg_http_var
 .text.mg_http_get_var
                0x08009670       0xa6 ./mongoose/mongoose.o
                0x08009670                mg_http_get_var
 .text.isx      0x08009716       0x44 ./mongoose/mongoose.o
 .text.mg_url_decode
                0x0800975a      0x110 ./mongoose/mongoose.o
                0x0800975a                mg_url_decode
 .text.isok     0x0800986a       0x3a ./mongoose/mongoose.o
 .text.mg_http_get_request_len
                0x080098a4       0x9c ./mongoose/mongoose.o
                0x080098a4                mg_http_get_request_len
 .text.mg_http_get_header
                0x08009940       0x80 ./mongoose/mongoose.o
                0x08009940                mg_http_get_header
 .text.vcb      0x080099c0       0x26 ./mongoose/mongoose.o
 .text.clen     0x080099e6       0xde ./mongoose/mongoose.o
 .text.skiptorn
                0x08009ac4       0x96 ./mongoose/mongoose.o
 .text.mg_http_parse_headers
                0x08009b5a      0x15e ./mongoose/mongoose.o
 .text.mg_http_parse
                0x08009cb8      0x37c ./mongoose/mongoose.o
                0x08009cb8                mg_http_parse
 .text.mg_http_status_code_str
                0x0800a034      0x9f8 ./mongoose/mongoose.o
 .text.mg_http_reply
                0x0800aa2c       0xb0 ./mongoose/mongoose.o
                0x0800aa2c                mg_http_reply
 .text.restore_http_cb
                0x0800aadc       0x40 ./mongoose/mongoose.o
 .text.mg_http_etag
                0x0800ab1c       0x38 ./mongoose/mongoose.o
                0x0800ab1c                mg_http_etag
 .text.static_cb
                0x0800ab54       0xc4 ./mongoose/mongoose.o
 .text.guess_content_type
                0x0800ac18      0x13c ./mongoose/mongoose.o
 .text.getrange
                0x0800ad54       0xe8 ./mongoose/mongoose.o
 .text.mg_http_serve_file
                0x0800ae3c      0x5b0 ./mongoose/mongoose.o
                0x0800ae3c                mg_http_serve_file
 .text.uri_to_path2
                0x0800b3ec      0x2dc ./mongoose/mongoose.o
 .text.uri_to_path
                0x0800b6c8      0x194 ./mongoose/mongoose.o
 .text.mg_http_serve_dir
                0x0800b85c       0xc8 ./mongoose/mongoose.o
                0x0800b85c                mg_http_serve_dir
 .text.mg_http_status
                0x0800b924       0x1c ./mongoose/mongoose.o
                0x0800b924                mg_http_status
 .text.is_hex_digit
                0x0800b940       0x44 ./mongoose/mongoose.o
 .text.skip_chunk
                0x0800b984      0x11e ./mongoose/mongoose.o
 *fill*         0x0800baa2        0x2 
 .text.http_cb  0x0800baa4      0x740 ./mongoose/mongoose.o
 .text.mg_http_listen
                0x0800c1e4       0x38 ./mongoose/mongoose.o
                0x0800c1e4                mg_http_listen
 .text.roundup  0x0800c21c       0x34 ./mongoose/mongoose.o
 .text.mg_iobuf_resize
                0x0800c250      0x11c ./mongoose/mongoose.o
                0x0800c250                mg_iobuf_resize
 .text.mg_iobuf_add
                0x0800c36c       0xa4 ./mongoose/mongoose.o
                0x0800c36c                mg_iobuf_add
 .text.mg_iobuf_del
                0x0800c410       0x96 ./mongoose/mongoose.o
                0x0800c410                mg_iobuf_del
 .text.mg_iobuf_free
                0x0800c4a6       0x18 ./mongoose/mongoose.o
                0x0800c4a6                mg_iobuf_free
 *fill*         0x0800c4be        0x2 
 .text.escapeseq
                0x0800c4c0       0x28 ./mongoose/mongoose.o
 .text.json_esc
                0x0800c4e8       0x60 ./mongoose/mongoose.o
 .text.mg_pass_string
                0x0800c548       0x82 ./mongoose/mongoose.o
 *fill*         0x0800c5ca        0x6 
 .text.mg_atod  0x0800c5d0      0x2a0 ./mongoose/mongoose.o
 .text.mg_json_get
                0x0800c870      0x674 ./mongoose/mongoose.o
                0x0800c870                mg_json_get
 .text.mg_json_get_tok
                0x0800cee4       0x4a ./mongoose/mongoose.o
                0x0800cee4                mg_json_get_tok
 .text.mg_json_get_num
                0x0800cf2e       0x8a ./mongoose/mongoose.o
                0x0800cf2e                mg_json_get_num
 .text.mg_json_get_bool
                0x0800cfb8       0x78 ./mongoose/mongoose.o
                0x0800cfb8                mg_json_get_bool
 .text.mg_json_unescape
                0x0800d030      0x11c ./mongoose/mongoose.o
                0x0800d030                mg_json_unescape
 .text.logc     0x0800d14c       0x28 ./mongoose/mongoose.o
 .text.logs     0x0800d174       0x36 ./mongoose/mongoose.o
 *fill*         0x0800d1aa        0x2 
 .text.mg_log_prefix
                0x0800d1ac       0xa0 ./mongoose/mongoose.o
                0x0800d1ac                mg_log_prefix
 .text.mg_log   0x0800d24c       0x40 ./mongoose/mongoose.o
                0x0800d24c                mg_log
 .text.nibble   0x0800d28c       0x2c ./mongoose/mongoose.o
 .text.mg_hexdump
                0x0800d2b8      0x174 ./mongoose/mongoose.o
                0x0800d2b8                mg_hexdump
 .text.mg_vprintf
                0x0800d42c       0x38 ./mongoose/mongoose.o
                0x0800d42c                mg_vprintf
 .text.mg_printf
                0x0800d464       0x34 ./mongoose/mongoose.o
                0x0800d464                mg_printf
 .text.mg_atonl
                0x0800d498       0x60 ./mongoose/mongoose.o
 .text.mg_atone
                0x0800d4f8       0x36 ./mongoose/mongoose.o
 .text.mg_aton4
                0x0800d52e       0xec ./mongoose/mongoose.o
 .text.mg_v4mapped
                0x0800d61a       0xd0 ./mongoose/mongoose.o
 .text.mg_aton6
                0x0800d6ea      0x220 ./mongoose/mongoose.o
 .text.mg_aton  0x0800d90a       0x74 ./mongoose/mongoose.o
                0x0800d90a                mg_aton
 .text.mg_alloc_conn
                0x0800d97e       0x58 ./mongoose/mongoose.o
                0x0800d97e                mg_alloc_conn
 *fill*         0x0800d9d6        0x2 
 .text.mg_close_conn
                0x0800d9d8       0xd0 ./mongoose/mongoose.o
                0x0800d9d8                mg_close_conn
 .text.mg_connect_svc
                0x0800daa8      0x154 ./mongoose/mongoose.o
                0x0800daa8                mg_connect_svc
 .text.mg_connect
                0x0800dbfc       0x2c ./mongoose/mongoose.o
                0x0800dbfc                mg_connect
 .text.mg_listen
                0x0800dc28      0x144 ./mongoose/mongoose.o
                0x0800dc28                mg_listen
 .text.mg_mgr_init
                0x0800dd6c      0x14c ./mongoose/mongoose.o
                0x0800dd6c                mg_mgr_init
 .text.mg_tcpip_call
                0x0800deb8       0x3c ./mongoose/mongoose.o
 .text.mkpay    0x0800def4       0x3c ./mongoose/mongoose.o
 .text.csumup   0x0800df30       0x56 ./mongoose/mongoose.o
 .text.csumfin  0x0800df86       0x36 ./mongoose/mongoose.o
 .text.ipcsum   0x0800dfbc       0x26 ./mongoose/mongoose.o
 *fill*         0x0800dfe2        0x2 
 .text.settmout
                0x0800dfe4       0xc8 ./mongoose/mongoose.o
 .text.ether_output
                0x0800e0ac       0x3c ./mongoose/mongoose.o
 .text.mg_tcpip_arp_request
                0x0800e0e8       0xd0 ./mongoose/mongoose.o
                0x0800e0e8                mg_tcpip_arp_request
 .text.onstatechange
                0x0800e1b8      0x114 ./mongoose/mongoose.o
 .text.tx_ip    0x0800e2cc       0xae ./mongoose/mongoose.o
 .text.tx_udp   0x0800e37a       0xe2 ./mongoose/mongoose.o
 .text.tx_dhcp  0x0800e45c      0x120 ./mongoose/mongoose.o
 .text.tx_dhcp_request_sel
                0x0800e57c      0x1b0 ./mongoose/mongoose.o
 .text.tx_dhcp_request_re
                0x0800e72c       0x64 ./mongoose/mongoose.o
 .text.tx_dhcp_discover
                0x0800e790       0x78 ./mongoose/mongoose.o
 .text.getpeer  0x0800e808       0xec ./mongoose/mongoose.o
 .text.rx_arp   0x0800e8f4      0x224 ./mongoose/mongoose.o
 .text.rx_icmp  0x0800eb18       0xb8 ./mongoose/mongoose.o
 .text.rx_dhcp_client
                0x0800ebd0      0x3e0 ./mongoose/mongoose.o
 .text.rx_dhcp_server
                0x0800efb0      0x3dc ./mongoose/mongoose.o
 .text.rx_udp   0x0800f38c       0xec ./mongoose/mongoose.o
 .text.tx_tcp   0x0800f478      0x1e4 ./mongoose/mongoose.o
 .text.tx_tcp_ctrlresp
                0x0800f65c       0x8a ./mongoose/mongoose.o
 .text.tx_tcp_rst
                0x0800f6e6       0x3c ./mongoose/mongoose.o
 *fill*         0x0800f722        0x2 
 .text.accept_conn
                0x0800f724      0x1bc ./mongoose/mongoose.o
 .text.trim_len
                0x0800f8e0      0x11c ./mongoose/mongoose.o
 .text.mg_io_send
                0x0800f9fc      0x110 ./mongoose/mongoose.o
                0x0800f9fc                mg_io_send
 .text.handle_tls_recv
                0x0800fb0c       0xc4 ./mongoose/mongoose.o
 .text.read_conn
                0x0800fbd0      0x55c ./mongoose/mongoose.o
 .text.backlog_insert
                0x0801012c       0x90 ./mongoose/mongoose.o
 .text.backlog_retrieve
                0x080101bc       0x5c ./mongoose/mongoose.o
 .text.backlog_remove
                0x08010218       0x32 ./mongoose/mongoose.o
 .text.backlog_maintain
                0x0801024a       0xa0 ./mongoose/mongoose.o
 .text.backlog_poll
                0x080102ea       0x50 ./mongoose/mongoose.o
 *fill*         0x0801033a        0x2 
 .text.handle_opt
                0x0801033c       0xbc ./mongoose/mongoose.o
 .text.rx_tcp   0x080103f8      0x2f4 ./mongoose/mongoose.o
 .text.rx_ip    0x080106ec      0x3d0 ./mongoose/mongoose.o
 .text.rx_ip6   0x08010abc      0x41c ./mongoose/mongoose.o
 .text.mg_tcpip_rx
                0x08010ed8      0x1b0 ./mongoose/mongoose.o
 .text.mg_tcpip_poll
                0x08011088      0x4cc ./mongoose/mongoose.o
 .text.mg_tcpip_qwrite
                0x08011554       0x62 ./mongoose/mongoose.o
                0x08011554                mg_tcpip_qwrite
 *fill*         0x080115b6        0x2 
 .text.mg_tcpip_init
                0x080115b8      0x1d4 ./mongoose/mongoose.o
                0x080115b8                mg_tcpip_init
 .text.send_syn
                0x0801178c       0x62 ./mongoose/mongoose.o
 .text.mac_resolved
                0x080117ee       0x48 ./mongoose/mongoose.o
 *fill*         0x08011836        0x2 
 .text.ip4_mcastmac
                0x08011838       0x5c ./mongoose/mongoose.o
 .text.mg_connect_resolved
                0x08011894      0x1c8 ./mongoose/mongoose.o
                0x08011894                mg_connect_resolved
 .text.mg_open_listener
                0x08011a5c       0x88 ./mongoose/mongoose.o
                0x08011a5c                mg_open_listener
 .text.write_conn
                0x08011ae4       0x80 ./mongoose/mongoose.o
 .text.init_closure
                0x08011b64       0xa2 ./mongoose/mongoose.o
 .text.close_conn
                0x08011c06       0x26 ./mongoose/mongoose.o
 .text.can_write
                0x08011c2c       0x68 ./mongoose/mongoose.o
 .text.mg_mgr_poll
                0x08011c94      0x26c ./mongoose/mongoose.o
                0x08011c94                mg_mgr_poll
 .text.mg_send  0x08011f00      0x114 ./mongoose/mongoose.o
                0x08011f00                mg_send
 .text.setdns4  0x08012014       0xcc ./mongoose/mongoose.o
 .text.mg_pfn_iobuf_private
                0x080120e0       0x90 ./mongoose/mongoose.o
 .text.mg_putchar_iobuf_static
                0x08012170       0x20 ./mongoose/mongoose.o
 .text.mg_pfn_iobuf
                0x08012190       0x20 ./mongoose/mongoose.o
                0x08012190                mg_pfn_iobuf
 .text.mg_vsnprintf
                0x080121b0       0x50 ./mongoose/mongoose.o
                0x080121b0                mg_vsnprintf
 .text.mg_snprintf
                0x08012200       0x32 ./mongoose/mongoose.o
                0x08012200                mg_snprintf
 *fill*         0x08012232        0x2 
 .text.mg_vmprintf
                0x08012234       0x38 ./mongoose/mongoose.o
                0x08012234                mg_vmprintf
 .text.mg_mprintf
                0x0801226c       0x2a ./mongoose/mongoose.o
                0x0801226c                mg_mprintf
 .text.mg_pfn_stdout
                0x08012296       0x1c ./mongoose/mongoose.o
                0x08012296                mg_pfn_stdout
 *fill*         0x080122b2        0x2 
 .text.print_ip4
                0x080122b4       0x48 ./mongoose/mongoose.o
 .text.print_ip6
                0x080122fc       0xbc ./mongoose/mongoose.o
 .text.mg_print_ip4
                0x080123b8       0x2e ./mongoose/mongoose.o
                0x080123b8                mg_print_ip4
 .text.mg_print_ip6
                0x080123e6       0x2e ./mongoose/mongoose.o
                0x080123e6                mg_print_ip6
 .text.mg_print_ip
                0x08012414       0x48 ./mongoose/mongoose.o
                0x08012414                mg_print_ip
 .text.mg_print_ip_port
                0x0801245c       0x4c ./mongoose/mongoose.o
                0x0801245c                mg_print_ip_port
 .text.mg_print_mac
                0x080124a8       0x6c ./mongoose/mongoose.o
                0x080124a8                mg_print_mac
 .text.mg_esc   0x08012514       0x7c ./mongoose/mongoose.o
 .text.mg_escape
                0x08012590       0x1a ./mongoose/mongoose.o
 .text.qcpy     0x080125aa       0x86 ./mongoose/mongoose.o
 .text.mg_print_hex
                0x08012630       0x88 ./mongoose/mongoose.o
                0x08012630                mg_print_hex
 .text.mg_print_esc
                0x080126b8       0x58 ./mongoose/mongoose.o
                0x080126b8                mg_print_esc
 .text.mg_queue_read_len
                0x08012710       0x54 ./mongoose/mongoose.o
 .text.mg_queue_write_len
                0x08012764       0x2c ./mongoose/mongoose.o
 .text.mg_queue_book
                0x08012790       0xae ./mongoose/mongoose.o
                0x08012790                mg_queue_book
 *fill*         0x0801283e        0x2 
 .text.mg_queue_next
                0x08012840       0x8c ./mongoose/mongoose.o
                0x08012840                mg_queue_next
 .text.mg_queue_add
                0x080128cc       0x70 ./mongoose/mongoose.o
                0x080128cc                mg_queue_add
 .text.mg_queue_del
                0x0801293c       0x48 ./mongoose/mongoose.o
                0x0801293c                mg_queue_del
 .text.blk0     0x08012984       0x58 ./mongoose/mongoose.o
 .text.mg_sha1_transform
                0x080129dc     0x143c ./mongoose/mongoose.o
 .text.mg_sha1_init
                0x08013e18       0x54 ./mongoose/mongoose.o
                0x08013e18                mg_sha1_init
 .text.mg_sha1_update
                0x08013e6c       0xcc ./mongoose/mongoose.o
                0x08013e6c                mg_sha1_update
 .text.mg_sha1_final
                0x08013f38       0xe4 ./mongoose/mongoose.o
                0x08013f38                mg_sha1_final
 .text.mg_sha256_init
                0x0801401c       0x78 ./mongoose/mongoose.o
                0x0801401c                mg_sha256_init
 .text.mg_sha256_chunk
                0x08014094      0x410 ./mongoose/mongoose.o
 .text.mg_sha256_update
                0x080144a4       0x72 ./mongoose/mongoose.o
                0x080144a4                mg_sha256_update
 .text.mg_sha256_final
                0x08014516      0x270 ./mongoose/mongoose.o
                0x08014516                mg_sha256_final
 .text.mg_sha256
                0x08014786       0x38 ./mongoose/mongoose.o
                0x08014786                mg_sha256
 .text.mg_hmac_sha256
                0x080147be      0x1ce ./mongoose/mongoose.o
                0x080147be                mg_hmac_sha256
 .text.mg_sha384_transform
                0x0801498c      0xa44 ./mongoose/mongoose.o
 .text.mg_sha384_init
                0x080153d0       0xd8 ./mongoose/mongoose.o
                0x080153d0                mg_sha384_init
 .text.mg_sha384_update
                0x080154a8       0xaa ./mongoose/mongoose.o
                0x080154a8                mg_sha384_update
 .text.mg_sha384_final
                0x08015552      0x3dc ./mongoose/mongoose.o
                0x08015552                mg_sha384_final
 .text.mg_sha384
                0x0801592e       0x38 ./mongoose/mongoose.o
                0x0801592e                mg_sha384
 *fill*         0x08015966        0x2 
 .text.mg_http_serve_ssi
                0x08015968       0x28 ./mongoose/mongoose.o
                0x08015968                mg_http_serve_ssi
 .text.mg_str_s
                0x08015990       0x3a ./mongoose/mongoose.o
                0x08015990                mg_str_s
 .text.mg_str_n
                0x080159ca       0x30 ./mongoose/mongoose.o
                0x080159ca                mg_str_n
 .text.mg_tolc  0x080159fa       0x2a ./mongoose/mongoose.o
 .text.mg_strdup
                0x08015a24       0x6c ./mongoose/mongoose.o
                0x08015a24                mg_strdup
 .text.mg_strcmp
                0x08015a90       0x84 ./mongoose/mongoose.o
                0x08015a90                mg_strcmp
 .text.mg_strcasecmp
                0x08015b14       0x8e ./mongoose/mongoose.o
                0x08015b14                mg_strcasecmp
 .text.mg_match
                0x08015ba2      0x1e8 ./mongoose/mongoose.o
                0x08015ba2                mg_match
 .text.mg_span  0x08015d8a       0xba ./mongoose/mongoose.o
                0x08015d8a                mg_span
 .text.mg_str_to_num
                0x08015e44      0x466 ./mongoose/mongoose.o
                0x08015e44                mg_str_to_num
 .text.mg_timer_free
                0x080162aa       0x42 ./mongoose/mongoose.o
                0x080162aa                mg_timer_free
 .text.mg_timer_expired
                0x080162ec       0xc8 ./mongoose/mongoose.o
                0x080162ec                mg_timer_expired
 .text.mg_timer_poll
                0x080163b4       0xf4 ./mongoose/mongoose.o
                0x080163b4                mg_timer_poll
 .text.mg_tls_hexdump
                0x080164a8       0x50 ./mongoose/mongoose.o
 .text.mg_der_parse
                0x080164f8       0xc0 ./mongoose/mongoose.o
 .text.mg_der_next
                0x080165b8       0x56 ./mongoose/mongoose.o
 .text.mg_der_find_oid
                0x0801660e       0xa0 ./mongoose/mongoose.o
 .text.mg_der_to_tlv
                0x080166ae       0xa8 ./mongoose/mongoose.o
 .text.mg_tls_got_record
                0x08016756       0x50 ./mongoose/mongoose.o
 .text.mg_tls_drop_record
                0x080167a6       0x44 ./mongoose/mongoose.o
 *fill*         0x080167ea        0x2 
 .text.mg_tls_drop_message
                0x080167ec       0x98 ./mongoose/mongoose.o
 .text.mg_tls_derive_secret
                0x08016884      0x138 ./mongoose/mongoose.o
 .text.mg_tls_generate_handshake_keys
                0x080169bc      0x2a0 ./mongoose/mongoose.o
 .text.mg_tls_generate_application_keys
                0x08016c5c      0x230 ./mongoose/mongoose.o
 .text.mg_tls_encrypt
                0x08016e8c      0x1f4 ./mongoose/mongoose.o
 .text.mg_tls_recv_record
                0x08017080      0x234 ./mongoose/mongoose.o
 .text.mg_tls_calc_cert_verify_hash
                0x080172b4      0x15c ./mongoose/mongoose.o
 .text.mg_tls_server_recv_hello
                0x08017410      0x32c ./mongoose/mongoose.o
 .text.mg_tls_server_send_hello
                0x0801773c      0x168 ./mongoose/mongoose.o
 .text.mg_tls_server_send_ext
                0x080178a4       0x44 ./mongoose/mongoose.o
 .text.mg_tls_server_send_cert_request
                0x080178e8       0xf8 ./mongoose/mongoose.o
 .text.mg_tls_send_cert
                0x080179e0      0x1e0 ./mongoose/mongoose.o
 .text.init_SHA256
                0x08017bc0       0x1e ./mongoose/mongoose.o
 .text.update_SHA256
                0x08017bde       0x26 ./mongoose/mongoose.o
 .text.finish_SHA256
                0x08017c04       0x22 ./mongoose/mongoose.o
 *fill*         0x08017c26        0x2 
 .text.mg_tls_send_cert_verify
                0x08017c28      0x268 ./mongoose/mongoose.o
 .text.mg_tls_server_send_finish
                0x08017e90       0x90 ./mongoose/mongoose.o
 .text.mg_tls_server_recv_finish
                0x08017f20       0x80 ./mongoose/mongoose.o
 .text.mg_tls_client_send_hello
                0x08017fa0      0x3b8 ./mongoose/mongoose.o
 .text.mg_tls_client_recv_hello
                0x08018358      0x274 ./mongoose/mongoose.o
 .text.mg_tls_client_recv_ext
                0x080185cc       0x60 ./mongoose/mongoose.o
 .text.mg_der_debug_cert_name
                0x0801862c      0x14c ./mongoose/mongoose.o
 .text.mg_tls_parse_cert_der
                0x08018778      0x7b0 ./mongoose/mongoose.o
 .text.mg_tls_verify_cert_san
                0x08018f28      0x14c ./mongoose/mongoose.o
 .text.mg_tls_verify_cert_signature
                0x08019074      0x318 ./mongoose/mongoose.o
 .text.mg_tls_verify_cert_cn
                0x0801938c       0x94 ./mongoose/mongoose.o
 .text.mg_tls_recv_cert
                0x08019420      0x57c ./mongoose/mongoose.o
 .text.mg_tls_recv_cert_verify
                0x0801999c      0x478 ./mongoose/mongoose.o
 .text.mg_tls_client_recv_finish
                0x08019e14       0x60 ./mongoose/mongoose.o
 .text.mg_tls_client_send_finish
                0x08019e74       0x80 ./mongoose/mongoose.o
 .text.mg_tls_client_handshake
                0x08019ef4      0x118 ./mongoose/mongoose.o
 .text.mg_tls_server_handshake
                0x0801a00c      0x104 ./mongoose/mongoose.o
 .text.mg_tls_handshake
                0x0801a110       0x66 ./mongoose/mongoose.o
                0x0801a110                mg_tls_handshake
 *fill*         0x0801a176        0x2 
 .text.mg_parse_pem
                0x0801a178      0x13c ./mongoose/mongoose.o
 .text.mg_tls_init
                0x0801a2b4      0x318 ./mongoose/mongoose.o
                0x0801a2b4                mg_tls_init
 .text.mg_tls_free
                0x0801a5cc       0x54 ./mongoose/mongoose.o
                0x0801a5cc                mg_tls_free
 .text.mg_tls_send
                0x0801a620      0x148 ./mongoose/mongoose.o
                0x0801a620                mg_tls_send
 .text.mg_tls_recv
                0x0801a768       0xa8 ./mongoose/mongoose.o
                0x0801a768                mg_tls_recv
 .text.mg_tls_pending
                0x0801a810       0x2a ./mongoose/mongoose.o
                0x0801a810                mg_tls_pending
 .text.mg_tls_flush
                0x0801a83a       0x48 ./mongoose/mongoose.o
                0x0801a83a                mg_tls_flush
 .text.mg_tls_ctx_init
                0x0801a882       0x14 ./mongoose/mongoose.o
                0x0801a882                mg_tls_ctx_init
 *fill*         0x0801a896        0x2 
 .text.initialize_state
                0x0801a898       0xd0 ./mongoose/mongoose.o
 .text.core_block
                0x0801a968      0x4a4 ./mongoose/mongoose.o
 .text.xor_block
                0x0801ae0c      0x116 ./mongoose/mongoose.o
 .text.chacha20_xor_stream
                0x0801af22       0xf0 ./mongoose/mongoose.o
 .text.rfc8439_keygen
                0x0801b012       0x40 ./mongoose/mongoose.o
 .text.U8TO32   0x0801b052       0x38 ./mongoose/mongoose.o
 .text.U32TO8   0x0801b08a       0x42 ./mongoose/mongoose.o
 .text.poly1305_init
                0x0801b0cc       0xf8 ./mongoose/mongoose.o
 .text.poly1305_blocks
                0x0801b1c4      0xe06 ./mongoose/mongoose.o
 .text.poly1305_finish
                0x0801bfca      0x4b8 ./mongoose/mongoose.o
 .text.poly1305_update
                0x0801c482      0x106 ./mongoose/mongoose.o
 .text.pad_if_needed
                0x0801c588       0x34 ./mongoose/mongoose.o
 .text.write_64bit_int
                0x0801c5bc       0xbe ./mongoose/mongoose.o
 .text.poly1305_calculate_mac
                0x0801c67a       0xcc ./mongoose/mongoose.o
 .text.mg_chacha20_poly1305_encrypt
                0x0801c746       0x70 ./mongoose/mongoose.o
                0x0801c746                mg_chacha20_poly1305_encrypt
 .text.mg_chacha20_poly1305_decrypt
                0x0801c7b6       0x54 ./mongoose/mongoose.o
                0x0801c7b6                mg_chacha20_poly1305_decrypt
 .text.bi_initialize
                0x0801c80a       0x48 ./mongoose/mongoose.o
 .text.bi_terminate
                0x0801c852       0x3e ./mongoose/mongoose.o
 .text.bi_clear_cache
                0x0801c890       0x4e ./mongoose/mongoose.o
 *fill*         0x0801c8de        0x2 
 .text.bi_copy  0x0801c8e0       0x30 ./mongoose/mongoose.o
 .text.bi_permanent
                0x0801c910       0x28 ./mongoose/mongoose.o
 .text.bi_depermanent
                0x0801c938       0x28 ./mongoose/mongoose.o
 .text.bi_free  0x0801c960       0x64 ./mongoose/mongoose.o
 .text.int_to_bi
                0x0801c9c4       0x26 ./mongoose/mongoose.o
 .text.bi_clone
                0x0801c9ea       0x3a ./mongoose/mongoose.o
 .text.bi_add   0x0801ca24       0xba ./mongoose/mongoose.o
 .text.bi_subtract
                0x0801cade       0xb0 ./mongoose/mongoose.o
 .text.bi_int_multiply
                0x0801cb8e      0x106 ./mongoose/mongoose.o
 .text.bi_divide
                0x0801cc94      0x46c ./mongoose/mongoose.o
 .text.bi_int_divide
                0x0801d100       0xb2 ./mongoose/mongoose.o
 .text.bi_import
                0x0801d1b2       0xa2 ./mongoose/mongoose.o
 .text.bi_export
                0x0801d254       0xa0 ./mongoose/mongoose.o
 .text.bi_set_mod
                0x0801d2f4       0x94 ./mongoose/mongoose.o
 .text.bi_free_mod
                0x0801d388       0x5a ./mongoose/mongoose.o
 .text.regular_multiply
                0x0801d3e2      0x19c ./mongoose/mongoose.o
 .text.bi_multiply
                0x0801d57e       0x26 ./mongoose/mongoose.o
 .text.bi_compare
                0x0801d5a4       0xaa ./mongoose/mongoose.o
 .text.more_comps
                0x0801d64e       0xb6 ./mongoose/mongoose.o
 .text.alloc    0x0801d704       0x8c ./mongoose/mongoose.o
 .text.find_max_exp_index
                0x0801d790       0x66 ./mongoose/mongoose.o
 .text.exp_bit_is_one
                0x0801d7f6       0x6c ./mongoose/mongoose.o
 .text.trim     0x0801d862       0x50 ./mongoose/mongoose.o
 .text.bi_mod_power
                0x0801d8b2      0x1d6 ./mongoose/mongoose.o
 .text.mg_rsa_mod_pow
                0x0801da88       0x78 ./mongoose/mongoose.o
                0x0801da88                mg_rsa_mod_pow
 .text.mg_uecc_vli_clear
                0x0801db00       0x42 ./mongoose/mongoose.o
 .text.mg_uecc_vli_isZero
                0x0801db42       0x54 ./mongoose/mongoose.o
 .text.mg_uecc_vli_testBit
                0x0801db96       0x36 ./mongoose/mongoose.o
 .text.vli_numDigits
                0x0801dbcc       0x4a ./mongoose/mongoose.o
 .text.mg_uecc_vli_numBits
                0x0801dc16       0x72 ./mongoose/mongoose.o
 .text.mg_uecc_vli_set
                0x0801dc88       0x4e ./mongoose/mongoose.o
 .text.mg_uecc_vli_cmp_unsafe
                0x0801dcd6       0x78 ./mongoose/mongoose.o
 .text.mg_uecc_vli_equal
                0x0801dd4e       0x64 ./mongoose/mongoose.o
 .text.mg_uecc_vli_cmp
                0x0801ddb2       0x62 ./mongoose/mongoose.o
 .text.mg_uecc_vli_rshift1
                0x0801de14       0x54 ./mongoose/mongoose.o
 .text.mg_uecc_vli_add
                0x0801de68       0x94 ./mongoose/mongoose.o
 .text.mg_uecc_vli_sub
                0x0801defc       0x94 ./mongoose/mongoose.o
 .text.muladd   0x0801df90       0xd4 ./mongoose/mongoose.o
 .text.mg_uecc_vli_mult
                0x0801e064      0x140 ./mongoose/mongoose.o
 .text.mg_uecc_vli_modAdd
                0x0801e1a4       0x4e ./mongoose/mongoose.o
 .text.mg_uecc_vli_modSub
                0x0801e1f2       0x3a ./mongoose/mongoose.o
 .text.mg_uecc_vli_mmod
                0x0801e22c      0x278 ./mongoose/mongoose.o
 .text.mg_uecc_vli_modMult
                0x0801e4a4       0x36 ./mongoose/mongoose.o
 .text.mg_uecc_vli_modMult_fast
                0x0801e4da       0x38 ./mongoose/mongoose.o
 .text.mg_uecc_vli_modSquare_fast
                0x0801e512       0x20 ./mongoose/mongoose.o
 .text.vli_modInv_update
                0x0801e532       0x70 ./mongoose/mongoose.o
 .text.mg_uecc_vli_modInv
                0x0801e5a2      0x1f2 ./mongoose/mongoose.o
 .text.double_jacobian_default
                0x0801e794      0x1fe ./mongoose/mongoose.o
 .text.x_side_default
                0x0801e992       0x76 ./mongoose/mongoose.o
 .text.mod_sqrt_default
                0x0801ea08       0xca ./mongoose/mongoose.o
 *fill*         0x0801ead2        0x2 
 .text.mg_uecc_secp256r1
                0x0801ead4       0x14 ./mongoose/mongoose.o
                0x0801ead4                mg_uecc_secp256r1
 .text.vli_mmod_fast_secp256r1
                0x0801eae8      0x2b4 ./mongoose/mongoose.o
 .text.apply_z  0x0801ed9c       0x50 ./mongoose/mongoose.o
 .text.XYcZ_initial_double
                0x0801edec       0x94 ./mongoose/mongoose.o
 .text.XYcZ_add
                0x0801ee80      0x134 ./mongoose/mongoose.o
 .text.XYcZ_addC
                0x0801efb4      0x1e2 ./mongoose/mongoose.o
 .text.EccPoint_mult
                0x0801f196      0x2c2 ./mongoose/mongoose.o
 .text.regularize_k
                0x0801f458       0x82 ./mongoose/mongoose.o
 *fill*         0x0801f4da        0x2 
 .text.mg_uecc_generate_random_int
                0x0801f4dc       0xd4 ./mongoose/mongoose.o
 .text.mg_uecc_vli_nativeToBytes
                0x0801f5b0       0x5a ./mongoose/mongoose.o
 .text.mg_uecc_vli_bytesToNative
                0x0801f60a       0x78 ./mongoose/mongoose.o
 .text.bits2int
                0x0801f682       0xe4 ./mongoose/mongoose.o
 *fill*         0x0801f766        0x2 
 .text.mg_uecc_sign_with_k_internal
                0x0801f768      0x2d8 ./mongoose/mongoose.o
 .text.HMAC_init
                0x0801fa40       0x7e ./mongoose/mongoose.o
 .text.HMAC_update
                0x0801fabe       0x20 ./mongoose/mongoose.o
 .text.HMAC_finish
                0x0801fade       0xa2 ./mongoose/mongoose.o
 .text.update_V
                0x0801fb80       0x34 ./mongoose/mongoose.o
 .text.mg_uecc_sign_deterministic
                0x0801fbb4      0x22c ./mongoose/mongoose.o
                0x0801fbb4                mg_uecc_sign_deterministic
 .text.smax     0x0801fde0       0x2c ./mongoose/mongoose.o
 .text.mg_uecc_verify
                0x0801fe0c      0x598 ./mongoose/mongoose.o
                0x0801fe0c                mg_uecc_verify
 .text.umaal    0x080203a4       0x9c ./mongoose/mongoose.o
 .text.adc      0x08020440       0x6e ./mongoose/mongoose.o
 .text.adc0     0x080204ae       0x4c ./mongoose/mongoose.o
 .text.propagate
                0x080204fa       0x74 ./mongoose/mongoose.o
 .text.add      0x0802056e       0x60 ./mongoose/mongoose.o
 .text.sub      0x080205ce       0xa2 ./mongoose/mongoose.o
 .text.mul      0x08020670       0xfa ./mongoose/mongoose.o
 .text.sqr      0x0802076a       0x1e ./mongoose/mongoose.o
 .text.mul1     0x08020788       0x1e ./mongoose/mongoose.o
 .text.sqr1     0x080207a6       0x18 ./mongoose/mongoose.o
 .text.condswap
                0x080207be       0x78 ./mongoose/mongoose.o
 .text.canon    0x08020836       0xe4 ./mongoose/mongoose.o
 *fill*         0x0802091a        0x2 
 .text.ladder_part1
                0x0802091c       0xa8 ./mongoose/mongoose.o
 .text.ladder_part2
                0x080209c4       0x5c ./mongoose/mongoose.o
 .text.x25519_core
                0x08020a20      0x15c ./mongoose/mongoose.o
 .text.mg_tls_x25519
                0x08020b7c      0x198 ./mongoose/mongoose.o
                0x08020b7c                mg_tls_x25519
 .text.mg_url_is_ssl
                0x08020d14       0x90 ./mongoose/mongoose.o
                0x08020d14                mg_url_is_ssl
 .text.urlparse
                0x08020da4      0x102 ./mongoose/mongoose.o
 .text.mg_url_host
                0x08020ea6       0x66 ./mongoose/mongoose.o
                0x08020ea6                mg_url_host
 .text.mg_url_port
                0x08020f0c       0xc8 ./mongoose/mongoose.o
                0x08020f0c                mg_url_port
 .text.mg_bzero
                0x08020fd4       0x32 ./mongoose/mongoose.o
                0x08020fd4                mg_bzero
 *fill*         0x08021006        0x2 
 .text.mg_crc32
                0x08021008       0x74 ./mongoose/mongoose.o
                0x08021008                mg_crc32
 .text.mg_path_is_sane
                0x0802107c       0x8c ./mongoose/mongoose.o
                0x0802107c                mg_path_is_sane
 .text.mg_millis
                0x08021108       0x1a ./mongoose/mongoose.o
                0x08021108                mg_millis
 .text.mg_ntohs
                0x08021122       0x2e ./mongoose/mongoose.o
                0x08021122                mg_ntohs
 .text.mg_ntohl
                0x08021150       0x36 ./mongoose/mongoose.o
                0x08021150                mg_ntohl
 *fill*         0x08021186        0x2 
 .text.ws_handshake
                0x08021188       0xc8 ./mongoose/mongoose.o
 .text.be32     0x08021250       0x38 ./mongoose/mongoose.o
 .text.ws_process
                0x08021288      0x150 ./mongoose/mongoose.o
 .text.mkhdr    0x080213d8       0xe2 ./mongoose/mongoose.o
 .text.mg_ws_mask
                0x080214ba       0x78 ./mongoose/mongoose.o
 *fill*         0x08021532        0x2 
 .text.mg_ws_send
                0x08021534       0xb4 ./mongoose/mongoose.o
                0x08021534                mg_ws_send
 .text.mg_ws_client_handshake
                0x080215e8      0x12c ./mongoose/mongoose.o
 .text.mg_ws_cb
                0x08021714      0x2b8 ./mongoose/mongoose.o
 .text.mg_ws_upgrade
                0x080219cc       0xb4 ./mongoose/mongoose.o
                0x080219cc                mg_ws_upgrade
 .text.mg_phy_id_to_str
                0x08021a80      0x114 ./mongoose/mongoose.o
 .text.mg_phy_init
                0x08021b94      0x170 ./mongoose/mongoose.o
                0x08021b94                mg_phy_init
 .text.mg_phy_up
                0x08021d04      0x22a ./mongoose/mongoose.o
                0x08021d04                mg_phy_up
 *fill*         0x08021f2e        0x2 
 .text.eth_read_phy
                0x08021f30       0x60 ./mongoose/mongoose.o
 .text.eth_write_phy
                0x08021f90       0x68 ./mongoose/mongoose.o
 .text.get_hclk
                0x08021ff8      0x10c ./mongoose/mongoose.o
 .text.guess_mdc_cr
                0x08022104      0x100 ./mongoose/mongoose.o
 .text.mg_tcpip_driver_stm32f_init
                0x08022204      0x200 ./mongoose/mongoose.o
 .text.mg_tcpip_driver_stm32f_tx
                0x08022404      0x13c ./mongoose/mongoose.o
 .text.mg_tcpip_driver_stm32f_update_hash_table
                0x08022540       0x5c ./mongoose/mongoose.o
 .text.mg_tcpip_driver_stm32f_poll
                0x0802259c      0x124 ./mongoose/mongoose.o
 .text.ETH_IRQHandler
                0x080226c0      0x118 ./mongoose/mongoose.o
                0x080226c0                ETH_IRQHandler
 .text.scmp     0x080227d8       0x44 ./mongoose/mongoose_fs.o
 .text.mg_unlist
                0x0802281c       0x28 ./mongoose/mongoose_fs.o
                0x0802281c                mg_unlist
 .text.mg_unpack
                0x08022844       0x6c ./mongoose/mongoose_fs.o
                0x08022844                mg_unpack
 .text.glue_get_leds
                0x080228b0       0x28 ./mongoose/mongoose_glue.o
                0x080228b0                glue_get_leds
 .text.glue_set_leds
                0x080228d8       0x28 ./mongoose/mongoose_glue.o
                0x080228d8                glue_set_leds
 .text.get_api_handler
                0x08022900       0x9c ./mongoose/mongoose_impl.o
 .text.find_handler
                0x0802299c       0x58 ./mongoose/mongoose_impl.o
 .text.mg_json_get_str2
                0x080229f4       0x58 ./mongoose/mongoose_impl.o
                0x080229f4                mg_json_get_str2
 .text.mongoose_set_http_handlers
                0x08022a4c      0x190 ./mongoose/mongoose_impl.o
                0x08022a4c                mongoose_set_http_handlers
 .text.close_uploaded_file
                0x08022bdc       0x42 ./mongoose/mongoose_impl.o
 *fill*         0x08022c1e        0x2 
 .text.file_closer
                0x08022c20       0x48 ./mongoose/mongoose_impl.o
 .text.file_writer
                0x08022c68       0x68 ./mongoose/mongoose_impl.o
 .text.upload_handler
                0x08022cd0      0x1b4 ./mongoose/mongoose_impl.o
 .text.get_file_name_from_uri
                0x08022e84       0x60 ./mongoose/mongoose_impl.o
 .text.prep_upload
                0x08022ee4      0x11c ./mongoose/mongoose_impl.o
 .text.handle_uploads
                0x08023000       0xe4 ./mongoose/mongoose_impl.o
 .text.handle_action
                0x080230e4       0x88 ./mongoose/mongoose_impl.o
 .text.print_struct
                0x0802316c      0x210 ./mongoose/mongoose_impl.o
                0x0802316c                print_struct
 .text.handle_object
                0x0802337c      0x238 ./mongoose/mongoose_impl.o
 .text.print_array
                0x080235b4      0x108 ./mongoose/mongoose_impl.o
 .text.handle_array
                0x080236bc       0xfc ./mongoose/mongoose_impl.o
 .text.handle_file
                0x080237b8       0x32 ./mongoose/mongoose_impl.o
 *fill*         0x080237ea        0x2 
 .text.handle_api_call
                0x080237ec       0xfc ./mongoose/mongoose_impl.o
 .text.http_ev_handler
                0x080238e8      0x310 ./mongoose/mongoose_impl.o
 .text.mongoose_init
                0x08023bf8       0x78 ./mongoose/mongoose_impl.o
                0x08023bf8                mongoose_init
 .text.mongoose_poll
                0x08023c70       0x14 ./mongoose/mongoose_impl.o
                0x08023c70                mongoose_poll
 .text.abort    0x08023c84        0xe C:/ST/STM32CubeIDE_1.19.0/STM32CubeIDE/plugins/com.st.stm32cube.ide.mcu.externaltools.gnu-tools-for-stm32.13.3.rel1.win32_1.0.0.202411081344/tools/bin/../lib/gcc/arm-none-eabi/13.3.1/../../../../arm-none-eabi/lib/thumb/v7e-m+dp/hard\libc_nano.a(libc_a-abort.o)
                0x08023c84                abort
 *fill*         0x08023c92        0x2 
 .text.__assert_func
                0x08023c94       0x3c C:/ST/STM32CubeIDE_1.19.0/STM32CubeIDE/plugins/com.st.stm32cube.ide.mcu.externaltools.gnu-tools-for-stm32.13.3.rel1.win32_1.0.0.202411081344/tools/bin/../lib/gcc/arm-none-eabi/13.3.1/../../../../arm-none-eabi/lib/thumb/v7e-m+dp/hard\libc_nano.a(libc_a-assert.o)
                0x08023c94                __assert_func
 .text.atoi     0x08023cd0        0x8 C:/ST/STM32CubeIDE_1.19.0/STM32CubeIDE/plugins/com.st.stm32cube.ide.mcu.externaltools.gnu-tools-for-stm32.13.3.rel1.win32_1.0.0.202411081344/tools/bin/../lib/gcc/arm-none-eabi/13.3.1/../../../../arm-none-eabi/lib/thumb/v7e-m+dp/hard\libc_nano.a(libc_a-atoi.o)
                0x08023cd0                atoi
 .text.calloc   0x08023cd8       0x10 C:/ST/STM32CubeIDE_1.19.0/STM32CubeIDE/plugins/com.st.stm32cube.ide.mcu.externaltools.gnu-tools-for-stm32.13.3.rel1.win32_1.0.0.202411081344/tools/bin/../lib/gcc/arm-none-eabi/13.3.1/../../../../arm-none-eabi/lib/thumb/v7e-m+dp/hard\libc_nano.a(libc_a-calloc.o)
                0x08023cd8                calloc
 .text._calloc_r
                0x08023ce8       0x28 C:/ST/STM32CubeIDE_1.19.0/STM32CubeIDE/plugins/com.st.stm32cube.ide.mcu.externaltools.gnu-tools-for-stm32.13.3.rel1.win32_1.0.0.202411081344/tools/bin/../lib/gcc/arm-none-eabi/13.3.1/../../../../arm-none-eabi/lib/thumb/v7e-m+dp/hard\libc_nano.a(libc_a-callocr.o)
                0x08023ce8                _calloc_r
 .text.malloc   0x08023d10       0x10 C:/ST/STM32CubeIDE_1.19.0/STM32CubeIDE/plugins/com.st.stm32cube.ide.mcu.externaltools.gnu-tools-for-stm32.13.3.rel1.win32_1.0.0.202411081344/tools/bin/../lib/gcc/arm-none-eabi/13.3.1/../../../../arm-none-eabi/lib/thumb/v7e-m+dp/hard\libc_nano.a(libc_a-malloc.o)
                0x08023d10                malloc
 .text.free     0x08023d20       0x10 C:/ST/STM32CubeIDE_1.19.0/STM32CubeIDE/plugins/com.st.stm32cube.ide.mcu.externaltools.gnu-tools-for-stm32.13.3.rel1.win32_1.0.0.202411081344/tools/bin/../lib/gcc/arm-none-eabi/13.3.1/../../../../arm-none-eabi/lib/thumb/v7e-m+dp/hard\libc_nano.a(libc_a-malloc.o)
                0x08023d20                free
 .text.sbrk_aligned
                0x08023d30       0x44 C:/ST/STM32CubeIDE_1.19.0/STM32CubeIDE/plugins/com.st.stm32cube.ide.mcu.externaltools.gnu-tools-for-stm32.13.3.rel1.win32_1.0.0.202411081344/tools/bin/../lib/gcc/arm-none-eabi/13.3.1/../../../../arm-none-eabi/lib/thumb/v7e-m+dp/hard\libc_nano.a(libc_a-mallocr.o)
 .text._malloc_r
                0x08023d74      0x100 C:/ST/STM32CubeIDE_1.19.0/STM32CubeIDE/plugins/com.st.stm32cube.ide.mcu.externaltools.gnu-tools-for-stm32.13.3.rel1.win32_1.0.0.202411081344/tools/bin/../lib/gcc/arm-none-eabi/13.3.1/../../../../arm-none-eabi/lib/thumb/v7e-m+dp/hard\libc_nano.a(libc_a-mallocr.o)
                0x08023d74                _malloc_r
 .text.__malloc_lock
                0x08023e74        0xc C:/ST/STM32CubeIDE_1.19.0/STM32CubeIDE/plugins/com.st.stm32cube.ide.mcu.externaltools.gnu-tools-for-stm32.13.3.rel1.win32_1.0.0.202411081344/tools/bin/../lib/gcc/arm-none-eabi/13.3.1/../../../../arm-none-eabi/lib/thumb/v7e-m+dp/hard\libc_nano.a(libc_a-mlock.o)
                0x08023e74                __malloc_lock
 .text.__malloc_unlock
                0x08023e80        0xc C:/ST/STM32CubeIDE_1.19.0/STM32CubeIDE/plugins/com.st.stm32cube.ide.mcu.externaltools.gnu-tools-for-stm32.13.3.rel1.win32_1.0.0.202411081344/tools/bin/../lib/gcc/arm-none-eabi/13.3.1/../../../../arm-none-eabi/lib/thumb/v7e-m+dp/hard\libc_nano.a(libc_a-mlock.o)
                0x08023e80                __malloc_unlock
 .text.srand    0x08023e8c       0x5c C:/ST/STM32CubeIDE_1.19.0/STM32CubeIDE/plugins/com.st.stm32cube.ide.mcu.externaltools.gnu-tools-for-stm32.13.3.rel1.win32_1.0.0.202411081344/tools/bin/../lib/gcc/arm-none-eabi/13.3.1/../../../../arm-none-eabi/lib/thumb/v7e-m+dp/hard\libc_nano.a(libc_a-rand.o)
                0x08023e8c                srand
 .text._strtol_l.isra.0
                0x08023ee8       0xf4 C:/ST/STM32CubeIDE_1.19.0/STM32CubeIDE/plugins/com.st.stm32cube.ide.mcu.externaltools.gnu-tools-for-stm32.13.3.rel1.win32_1.0.0.202411081344/tools/bin/../lib/gcc/arm-none-eabi/13.3.1/../../../../arm-none-eabi/lib/thumb/v7e-m+dp/hard\libc_nano.a(libc_a-strtol.o)
 .text.strtol   0x08023fdc       0x14 C:/ST/STM32CubeIDE_1.19.0/STM32CubeIDE/plugins/com.st.stm32cube.ide.mcu.externaltools.gnu-tools-for-stm32.13.3.rel1.win32_1.0.0.202411081344/tools/bin/../lib/gcc/arm-none-eabi/13.3.1/../../../../arm-none-eabi/lib/thumb/v7e-m+dp/hard\libc_nano.a(libc_a-strtol.o)
                0x08023fdc                strtol
 .text.std      0x08023ff0       0x6c C:/ST/STM32CubeIDE_1.19.0/STM32CubeIDE/plugins/com.st.stm32cube.ide.mcu.externaltools.gnu-tools-for-stm32.13.3.rel1.win32_1.0.0.202411081344/tools/bin/../lib/gcc/arm-none-eabi/13.3.1/../../../../arm-none-eabi/lib/thumb/v7e-m+dp/hard\libc_nano.a(libc_a-findfp.o)
 .text.stdio_exit_handler
                0x0802405c       0x18 C:/ST/STM32CubeIDE_1.19.0/STM32CubeIDE/plugins/com.st.stm32cube.ide.mcu.externaltools.gnu-tools-for-stm32.13.3.rel1.win32_1.0.0.202411081344/tools/bin/../lib/gcc/arm-none-eabi/13.3.1/../../../../arm-none-eabi/lib/thumb/v7e-m+dp/hard\libc_nano.a(libc_a-findfp.o)
 .text.cleanup_stdio
                0x08024074       0x40 C:/ST/STM32CubeIDE_1.19.0/STM32CubeIDE/plugins/com.st.stm32cube.ide.mcu.externaltools.gnu-tools-for-stm32.13.3.rel1.win32_1.0.0.202411081344/tools/bin/../lib/gcc/arm-none-eabi/13.3.1/../../../../arm-none-eabi/lib/thumb/v7e-m+dp/hard\libc_nano.a(libc_a-findfp.o)
 .text.global_stdio_init.part.0
                0x080240b4       0x3c C:/ST/STM32CubeIDE_1.19.0/STM32CubeIDE/plugins/com.st.stm32cube.ide.mcu.externaltools.gnu-tools-for-stm32.13.3.rel1.win32_1.0.0.202411081344/tools/bin/../lib/gcc/arm-none-eabi/13.3.1/../../../../arm-none-eabi/lib/thumb/v7e-m+dp/hard\libc_nano.a(libc_a-findfp.o)
 .text.__sfp_lock_acquire
                0x080240f0        0xc C:/ST/STM32CubeIDE_1.19.0/STM32CubeIDE/plugins/com.st.stm32cube.ide.mcu.externaltools.gnu-tools-for-stm32.13.3.rel1.win32_1.0.0.202411081344/tools/bin/../lib/gcc/arm-none-eabi/13.3.1/../../../../arm-none-eabi/lib/thumb/v7e-m+dp/hard\libc_nano.a(libc_a-findfp.o)
                0x080240f0                __sfp_lock_acquire
 .text.__sfp_lock_release
                0x080240fc        0xc C:/ST/STM32CubeIDE_1.19.0/STM32CubeIDE/plugins/com.st.stm32cube.ide.mcu.externaltools.gnu-tools-for-stm32.13.3.rel1.win32_1.0.0.202411081344/tools/bin/../lib/gcc/arm-none-eabi/13.3.1/../../../../arm-none-eabi/lib/thumb/v7e-m+dp/hard\libc_nano.a(libc_a-findfp.o)
                0x080240fc                __sfp_lock_release
 .text.__sinit  0x08024108       0x30 C:/ST/STM32CubeIDE_1.19.0/STM32CubeIDE/plugins/com.st.stm32cube.ide.mcu.externaltools.gnu-tools-for-stm32.13.3.rel1.win32_1.0.0.202411081344/tools/bin/../lib/gcc/arm-none-eabi/13.3.1/../../../../arm-none-eabi/lib/thumb/v7e-m+dp/hard\libc_nano.a(libc_a-findfp.o)
                0x08024108                __sinit
 .text.fprintf  0x08024138       0x24 C:/ST/STM32CubeIDE_1.19.0/STM32CubeIDE/plugins/com.st.stm32cube.ide.mcu.externaltools.gnu-tools-for-stm32.13.3.rel1.win32_1.0.0.202411081344/tools/bin/../lib/gcc/arm-none-eabi/13.3.1/../../../../arm-none-eabi/lib/thumb/v7e-m+dp/hard\libc_nano.a(libc_a-fprintf.o)
                0x08024138                fiprintf
                0x08024138                fprintf
 .text._fwalk_sglue
                0x0802415c       0x3c C:/ST/STM32CubeIDE_1.19.0/STM32CubeIDE/plugins/com.st.stm32cube.ide.mcu.externaltools.gnu-tools-for-stm32.13.3.rel1.win32_1.0.0.202411081344/tools/bin/../lib/gcc/arm-none-eabi/13.3.1/../../../../arm-none-eabi/lib/thumb/v7e-m+dp/hard\libc_nano.a(libc_a-fwalk.o)
                0x0802415c                _fwalk_sglue
 .text.printf   0x08024198       0x24 C:/ST/STM32CubeIDE_1.19.0/STM32CubeIDE/plugins/com.st.stm32cube.ide.mcu.externaltools.gnu-tools-for-stm32.13.3.rel1.win32_1.0.0.202411081344/tools/bin/../lib/gcc/arm-none-eabi/13.3.1/../../../../arm-none-eabi/lib/thumb/v7e-m+dp/hard\libc_nano.a(libc_a-printf.o)
                0x08024198                iprintf
                0x08024198                printf
 .text.putchar  0x080241bc       0x10 C:/ST/STM32CubeIDE_1.19.0/STM32CubeIDE/plugins/com.st.stm32cube.ide.mcu.externaltools.gnu-tools-for-stm32.13.3.rel1.win32_1.0.0.202411081344/tools/bin/../lib/gcc/arm-none-eabi/13.3.1/../../../../arm-none-eabi/lib/thumb/v7e-m+dp/hard\libc_nano.a(libc_a-putchar.o)
                0x080241bc                putchar
 .text._puts_r  0x080241cc       0xaa C:/ST/STM32CubeIDE_1.19.0/STM32CubeIDE/plugins/com.st.stm32cube.ide.mcu.externaltools.gnu-tools-for-stm32.13.3.rel1.win32_1.0.0.202411081344/tools/bin/../lib/gcc/arm-none-eabi/13.3.1/../../../../arm-none-eabi/lib/thumb/v7e-m+dp/hard\libc_nano.a(libc_a-puts.o)
                0x080241cc                _puts_r
 *fill*         0x08024276        0x2 
 .text.puts     0x08024278       0x10 C:/ST/STM32CubeIDE_1.19.0/STM32CubeIDE/plugins/com.st.stm32cube.ide.mcu.externaltools.gnu-tools-for-stm32.13.3.rel1.win32_1.0.0.202411081344/tools/bin/../lib/gcc/arm-none-eabi/13.3.1/../../../../arm-none-eabi/lib/thumb/v7e-m+dp/hard\libc_nano.a(libc_a-puts.o)
                0x08024278                puts